Component: ARM Compiler 5.06 update 6 (build 750) Tool: armlink [4d35ed]

==============================================================================

Section Cross References

    system_stm32f10x.o(i.SetSysClock) refers to system_stm32f10x.o(i.SetSysClockTo72) for SetSysClockTo72
    system_stm32f10x.o(i.SystemCoreClockUpdate) refers to system_stm32f10x.o(.data) for SystemCoreClock
    system_stm32f10x.o(i.SystemInit) refers to system_stm32f10x.o(i.SetSysClock) for SetSysClock
    main.o(i.main) refers to system_stm32f10x.o(i.SystemInit) for SystemInit
    main.o(i.main) refers to delay.o(i.delay_init) for delay_init
    main.o(i.main) refers to led.o(i.LED_Init) for LED_Init
    main.o(i.main) refers to oled.o(i.OLED_Init) for OLED_Init
    main.o(i.main) refers to mfrc522.o(i.MFRC522_Init) for MFRC522_Init
    main.o(i.main) refers to rfid.o(i.DoorLockAndLED_Init) for DoorLockAndLED_Init
    main.o(i.main) refers to key.o(i.key_Init) for key_Init
    main.o(i.main) refers to human.o(i.human_Init) for human_Init
    main.o(i.main) refers to buzzer.o(i.buzzer_Init) for buzzer_Init
    main.o(i.main) refers to buzzer.o(i.camera_Init) for camera_Init
    main.o(i.main) refers to buzzer.o(i.door_Init) for door_Init
    main.o(i.main) refers to usart.o(i.usart_init) for usart_init
    main.o(i.main) refers to usart.o(i.usart_init2) for usart_init2
    main.o(i.main) refers to oled.o(i.OLED_ShowString) for OLED_ShowString
    main.o(i.main) refers to wifi.o(i.HuaweiIot_init) for HuaweiIot_init
    main.o(i.main) refers to led.o(i.LED_Off) for LED_Off
    main.o(i.main) refers to stm32f10x_gpio.o(i.GPIO_SetBits) for GPIO_SetBits
    main.o(i.main) refers to delay.o(i.delay_ms) for delay_ms
    main.o(i.main) refers to key.o(i.check_password) for check_password
    main.o(i.main) refers to stm32f10x_gpio.o(i.GPIO_ResetBits) for GPIO_ResetBits
    main.o(i.main) refers to wifi.o(i.HuaweiIot_DevDate_publish) for HuaweiIot_DevDate_publish
    main.o(i.main) refers to stm32f10x_gpio.o(i.GPIO_ReadInputDataBit) for GPIO_ReadInputDataBit
    main.o(i.main) refers to mfrc522.o(i.MFRC522_Request) for MFRC522_Request
    main.o(i.main) refers to mfrc522.o(i.MFRC522_Reset) for MFRC522_Reset
    main.o(i.main) refers to mfrc522.o(i.MFRC522_AntennaOff) for MFRC522_AntennaOff
    main.o(i.main) refers to mfrc522.o(i.MFRC522_AntennaOn) for MFRC522_AntennaOn
    main.o(i.main) refers to printfa.o(i.__0printf) for __2printf
    main.o(i.main) refers to mfrc522.o(i.MFRC522_Anticoll) for MFRC522_Anticoll
    main.o(i.main) refers to rfid.o(i.IsValidUID) for IsValidUID
    main.o(i.main) refers to rfid.o(i.OpenDoor) for OpenDoor
    main.o(i.main) refers to rfid.o(i.IllegalCardAlert) for IllegalCardAlert
    main.o(i.main) refers to main.o(.data) for DeviceState
    main.o(i.main) refers to main.o(.bss) for buf
    led.o(i.LED_Init) refers to stm32f10x_rcc.o(i.RCC_APB2PeriphClockCmd) for RCC_APB2PeriphClockCmd
    led.o(i.LED_Init) refers to stm32f10x_gpio.o(i.GPIO_Init) for GPIO_Init
    led.o(i.LED_Off) refers to stm32f10x_gpio.o(i.GPIO_SetBits) for GPIO_SetBits
    led.o(i.LED_On) refers to stm32f10x_gpio.o(i.GPIO_ResetBits) for GPIO_ResetBits
    led.o(i.LED_Toggle) refers to stm32f10x_gpio.o(i.GPIO_ReadOutputDataBit) for GPIO_ReadOutputDataBit
    led.o(i.LED_Toggle) refers to stm32f10x_gpio.o(i.GPIO_WriteBit) for GPIO_WriteBit
    led.o(i.LED_Twinkle) refers to led.o(i.LED_On) for LED_On
    led.o(i.LED_Twinkle) refers to delay.o(i.delay_ms) for delay_ms
    led.o(i.LED_Twinkle) refers to led.o(i.LED_Off) for LED_Off
    mfrc522.o(i.CalulateCRC) refers to mfrc522.o(i.ClearBitMask) for ClearBitMask
    mfrc522.o(i.CalulateCRC) refers to mfrc522.o(i.Write_MFRC522) for Write_MFRC522
    mfrc522.o(i.CalulateCRC) refers to mfrc522.o(i.SetBitMask) for SetBitMask
    mfrc522.o(i.CalulateCRC) refers to mfrc522.o(i.Read_MFRC522) for Read_MFRC522
    mfrc522.o(i.ClearBitMask) refers to mfrc522.o(i.Read_MFRC522) for Read_MFRC522
    mfrc522.o(i.ClearBitMask) refers to mfrc522.o(i.Write_MFRC522) for Write_MFRC522
    mfrc522.o(i.MFRC522_AntennaOff) refers to mfrc522.o(i.ClearBitMask) for ClearBitMask
    mfrc522.o(i.MFRC522_AntennaOn) refers to mfrc522.o(i.Read_MFRC522) for Read_MFRC522
    mfrc522.o(i.MFRC522_AntennaOn) refers to mfrc522.o(i.SetBitMask) for SetBitMask
    mfrc522.o(i.MFRC522_Anticoll) refers to mfrc522.o(i.ClearBitMask) for ClearBitMask
    mfrc522.o(i.MFRC522_Anticoll) refers to mfrc522.o(i.Write_MFRC522) for Write_MFRC522
    mfrc522.o(i.MFRC522_Anticoll) refers to mfrc522.o(i.MFRC522_ToCard) for MFRC522_ToCard
    mfrc522.o(i.MFRC522_Anticoll) refers to mfrc522.o(i.SetBitMask) for SetBitMask
    mfrc522.o(i.MFRC522_AuthState) refers to mfrc522.o(i.MFRC522_ToCard) for MFRC522_ToCard
    mfrc522.o(i.MFRC522_AuthState) refers to mfrc522.o(i.Read_MFRC522) for Read_MFRC522
    mfrc522.o(i.MFRC522_Halt) refers to mfrc522.o(i.CalulateCRC) for CalulateCRC
[...]
    printf5.o(i.__0vsprintf$5) refers to printf5.o(i._sputc) for _sputc
    printf5.o(i._printf_core) refers to uldiv.o(.text) for __aeabi_uldivmod
    printf6.o(i.__0fprintf$6) refers to printf6.o(i._printf_core) for _printf_core
    printf6.o(i.__0fprintf$6) refers to usart.o(i.fputc) for fputc
    printf6.o(i.__0printf$6) refers to printf6.o(i._printf_core) for _printf_core
    printf6.o(i.__0printf$6) refers to usart.o(i.fputc) for fputc
    printf6.o(i.__0printf$6) refers to stdout.o(.data) for __stdout
    printf6.o(i.__0snprintf$6) refers to printf6.o(i._printf_core) for _printf_core
    printf6.o(i.__0snprintf$6) refers to printf6.o(i._snputc) for _snputc
    printf6.o(i.__0sprintf$6) refers to printf6.o(i._printf_core) for _printf_core
    printf6.o(i.__0sprintf$6) refers to printf6.o(i._sputc) for _sputc
    printf6.o(i.__0vfprintf$6) refers to printf6.o(i._printf_core) for _printf_core
    printf6.o(i.__0vfprintf$6) refers to usart.o(i.fputc) for fputc
    printf6.o(i.__0vprintf$6) refers to printf6.o(i._printf_core) for _printf_core
    printf6.o(i.__0vprintf$6) refers to usart.o(i.fputc) for fputc
    printf6.o(i.__0vprintf$6) refers to stdout.o(.data) for __stdout
    printf6.o(i.__0vsnprintf$6) refers to printf6.o(i._printf_core) for _printf_core
    printf6.o(i.__0vsnprintf$6) refers to printf6.o(i._snputc) for _snputc
    printf6.o(i.__0vsprintf$6) refers to printf6.o(i._printf_core) for _printf_core
    printf6.o(i.__0vsprintf$6) refers to printf6.o(i._sputc) for _sputc
    printf6.o(i._printf_core) refers to printf6.o(i._printf_pre_padding) for _printf_pre_padding
    printf6.o(i._printf_core) refers to uidiv.o(.text) for __aeabi_uidivmod
    printf6.o(i._printf_core) refers to printf6.o(i._printf_post_padding) for _printf_post_padding
    printf7.o(i.__0fprintf$7) refers to printf7.o(i._printf_core) for _printf_core
    printf7.o(i.__0fprintf$7) refers to usart.o(i.fputc) for fputc
    printf7.o(i.__0printf$7) refers to printf7.o(i._printf_core) for _printf_core
    printf7.o(i.__0printf$7) refers to usart.o(i.fputc) for fputc
    printf7.o(i.__0printf$7) refers to stdout.o(.data) for __stdout
    printf7.o(i.__0snprintf$7) refers to printf7.o(i._printf_core) for _printf_core
    printf7.o(i.__0snprintf$7) refers to printf7.o(i._snputc) for _snputc
    printf7.o(i.__0sprintf$7) refers to printf7.o(i._printf_core) for _printf_core
    printf7.o(i.__0sprintf$7) refers to printf7.o(i._sputc) for _sputc
    printf7.o(i.__0vfprintf$7) refers to printf7.o(i._printf_core) for _printf_core
    printf7.o(i.__0vfprintf$7) refers to usart.o(i.fputc) for fputc
    printf7.o(i.__0vprintf$7) refers to printf7.o(i._printf_core) for _printf_core
    printf7.o(i.__0vprintf$7) refers to usart.o(i.fputc) for fputc
    printf7.o(i.__0vprintf$7) refers to stdout.o(.data) for __stdout
    printf7.o(i.__0vsnprintf$7) refers to printf7.o(i._printf_core) for _printf_core
    printf7.o(i.__0vsnprintf$7) refers to printf7.o(i._snputc) for _snputc
    printf7.o(i.__0vsprintf$7) refers to printf7.o(i._printf_core) for _printf_core
    printf7.o(i.__0vsprintf$7) refers to printf7.o(i._sputc) for _sputc
    printf7.o(i._printf_core) refers to printf7.o(i._printf_pre_padding) for _printf_pre_padding
    printf7.o(i._printf_core) refers to uldiv.o(.text) for __aeabi_uldivmod
    printf7.o(i._printf_core) refers to printf7.o(i._printf_post_padding) for _printf_post_padding
    printf8.o(i.__0fprintf$8) refers to printf8.o(i._printf_core) for _printf_core
    printf8.o(i.__0fprintf$8) refers to usart.o(i.fputc) for fputc
    printf8.o(i.__0printf$8) refers to printf8.o(i._printf_core) for _printf_core
    printf8.o(i.__0printf$8) refers to usart.o(i.fputc) for fputc
    printf8.o(i.__0printf$8) refers to stdout.o(.data) for __stdout
    printf8.o(i.__0snprintf$8) refers to printf8.o(i._printf_core) for _printf_core
    printf8.o(i.__0snprintf$8) refers to printf8.o(i._snputc) for _snputc
    printf8.o(i.__0sprintf$8) refers to printf8.o(i._printf_core) for _printf_core
    printf8.o(i.__0sprintf$8) refers to printf8.o(i._sputc) for _sputc
    printf8.o(i.__0vfprintf$8) refers to printf8.o(i._printf_core) for _printf_core
    printf8.o(i.__0vfprintf$8) refers to usart.o(i.fputc) for fputc
    printf8.o(i.__0vprintf$8) refers to printf8.o(i._printf_core) for _printf_core
    printf8.o(i.__0vprintf$8) refers to usart.o(i.fputc) for fputc
    printf8.o(i.__0vprintf$8) refers to stdout.o(.data) for __stdout
    printf8.o(i.__0vsnprintf$8) refers to printf8.o(i._printf_core) for _printf_core
    printf8.o(i.__0vsnprintf$8) refers to printf8.o(i._snputc) for _snputc
    printf8.o(i.__0vsprintf$8) refers to printf8.o(i._printf_core) for _printf_core
    printf8.o(i.__0vsprintf$8) refers to printf8.o(i._sputc) for _sputc
    printf8.o(i._printf_core) refers to printf8.o(i._printf_pre_padding) for _printf_pre_padding
    printf8.o(i._printf_core) refers to uldiv.o(.text) for __aeabi_uldivmod
    printf8.o(i._printf_core) refers to printf8.o(i._printf_post_padding) for _printf_post_padding
    printfa.o(i.__0fprintf) refers (Special) to iusefp.o(.text) for __I$use$fp
    printfa.o(i.__0fprintf) refers to printfa.o(i._printf_core) for _printf_core
    printfa.o(i.__0fprintf) refers to usart.o(i.fputc) for fputc
    printfa.o(i.__0printf) refers (Special) to iusefp.o(.text) for __I$use$fp
    printfa.o(i.__0printf) refers to printfa.o(i._printf_core) for _printf_core
    printfa.o(i.__0printf) refers to usart.o(i.fputc) for fputc
    printfa.o(i.__0printf) refers to stdout.o(.data) for __stdout
    printfa.o(i.__0snprintf) refers (Special) to iusefp.o(.text) for __I$use$fp
    printfa.o(i.__0snprintf) refers to printfa.o(i._printf_core) for _printf_core
    printfa.o(i.__0snprintf) refers to printfa.o(i._snputc) for _snputc
    printfa.o(i.__0sprintf) refers (Special) to iusefp.o(.text) for __I$use$fp
    printfa.o(i.__0sprintf) refers to printfa.o(i._printf_core) for _printf_core
    printfa.o(i.__0sprintf) refers to printfa.o(i._sputc) for _sputc
    printfa.o(i.__0vfprintf) refers (Special) to iusefp.o(.text) for __I$use$fp
    printfa.o(i.__0vfprintf) refers to printfa.o(i._printf_core) for _printf_core
    printfa.o(i.__0vfprintf) refers to usart.o(i.fputc) for fputc
    printfa.o(i.__0vprintf) refers (Special) to iusefp.o(.text) for __I$use$fp
    printfa.o(i.__0vprintf) refers to printfa.o(i._printf_core) for _printf_core
    printfa.o(i.__0vprintf) refers to usart.o(i.fputc) for fputc
    printfa.o(i.__0vprintf) refers to stdout.o(.data) for __stdout
    printfa.o(i.__0vsnprintf) refers (Special) to iusefp.o(.text) for __I$use$fp
    printfa.o(i.__0vsnprintf) refers to printfa.o(i._printf_core) for _printf_core
    printfa.o(i.__0vsnprintf) refers to printfa.o(i._snputc) for _snputc
    printfa.o(i.__0vsprintf) refers (Special) to iusefp.o(.text) for __I$use$fp
    printfa.o(i.__0vsprintf) refers to printfa.o(i._printf_core) for _printf_core
    printfa.o(i.__0vsprintf) refers to printfa.o(i._sputc) for _sputc
    printfa.o(i._fp_digits) refers (Special) to iusefp.o(.text) for __I$use$fp
    printfa.o(i._fp_digits) refers to dmul.o(.text) for __aeabi_dmul
    printfa.o(i._fp_digits) refers to ddiv.o(.text) for __aeabi_ddiv
    printfa.o(i._fp_digits) refers to cdrcmple.o(.text) for __aeabi_cdrcmple
    printfa.o(i._fp_digits) refers to dadd.o(.text) for __aeabi_dadd
    printfa.o(i._fp_digits) refers to dfixul.o(.text) for __aeabi_d2ulz
    printfa.o(i._fp_digits) refers to uldiv.o(.text) for __aeabi_uldivmod
    printfa.o(i._printf_core) refers (Special) to iusefp.o(.text) for __I$use$fp
    printfa.o(i._printf_core) refers to printfa.o(i._printf_pre_padding) for _printf_pre_padding
    printfa.o(i._printf_core) refers to uldiv.o(.text) for __aeabi_uldivmod
    printfa.o(i._printf_core) refers to printfa.o(i._printf_post_padding) for _printf_post_padding
    printfa.o(i._printf_core) refers to printfa.o(i._fp_digits) for _fp_digits
    printfa.o(i._printf_core) refers to uidiv.o(.text) for __aeabi_uidivmod
    printfa.o(i._printf_post_padding) refers (Special) to iusefp.o(.text) for __I$use$fp
    printfa.o(i._printf_pre_padding) refers (Special) to iusefp.o(.text) for __I$use$fp
    printfa.o(i._snputc) refers (Special) to iusefp.o(.text) for __I$use$fp
    printfa.o(i._sputc) refers (Special) to iusefp.o(.text) for __I$use$fp
    dmul.o(.text) refers (Special) to iusefp.o(.text) for __I$use$fp
    dmul.o(.text) refers to depilogue.o(.text) for _double_epilogue
    ddiv.o(.text) refers (Special) to iusefp.o(.text) for __I$use$fp
    ddiv.o(.text) refers to depilogue.o(.text) for _double_round
    dfltui.o(.text) refers (Special) to iusefp.o(.text) for __I$use$fp
    dfltui.o(.text) refers to depilogue.o(.text) for _double_epilogue
    dfixui.o(.text) refers (Special) to iusefp.o(.text) for __I$use$fp
    dfixui.o(.text) refers to llushr.o(.text) for __aeabi_llsr
    entry2.o(.ARM.Collect$$$$00000001) refers to entry2.o(.ARM.Collect$$$$00002712) for __lit__00000000
    entry2.o(.ARM.Collect$$$$00002712) refers to startup_stm32f10x_md.o(STACK) for __initial_sp
    entry2.o(__vectab_stack_and_reset_area) refers to startup_stm32f10x_md.o(STACK) for __initial_sp
    entry2.o(__vectab_stack_and_reset_area) refers to entry.o(.ARM.Collect$$$$00000000) for __main
    entry5.o(.ARM.Collect$$$$00000004) refers to init.o(.text) for __scatterload
    entry9a.o(.ARM.Collect$$$$0000000B) refers to main.o(i.main) for main
    entry9b.o(.ARM.Collect$$$$0000000C) refers to main.o(i.main) for main
    uldiv.o(.text) refers to llushr.o(.text) for __aeabi_llsr
    uldiv.o(.text) refers to llshl.o(.text) for __aeabi_llsl
    depilogue.o(.text) refers to llshl.o(.text) for __aeabi_llsl
    depilogue.o(.text) refers to llushr.o(.text) for __aeabi_llsr
    dadd.o(.text) refers to llshl.o(.text) for __aeabi_llsl
    dadd.o(.text) refers to llsshr.o(.text) for __aeabi_lasr
    dadd.o(.text) refers to depilogue.o(.text) for _double_epilogue
    dfixul.o(.text) refers to llushr.o(.text) for __aeabi_llsr
    dfixul.o(.text) refers to llshl.o(.text) for __aeabi_llsl
    init.o(.text) refers to entry5.o(.ARM.Collect$$$$00000004) for __main_after_scatterload


==============================================================================

Removing Unused input sections from the image.

    Removing system_stm32f10x.o(i.SystemCoreClockUpdate), (164 bytes).
    Removing system_stm32f10x.o(.data), (20 bytes).
    Removing led.o(i.LED_Toggle), (32 bytes).
    Removing led.o(i.LED_Twinkle), (18 bytes).
    Removing mfrc522.o(i.CalulateCRC), (108 bytes).
    Removing mfrc522.o(i.MFRC522_AuthState), (112 bytes).
    Removing mfrc522.o(i.MFRC522_Halt), (52 bytes).
    Removing mfrc522.o(i.MFRC522_Read), (86 bytes).
    Removing mfrc522.o(i.MFRC522_SelectTag), (114 bytes).
    Removing mfrc522.o(i.MFRC522_Write), (152 bytes).
    Removing oled.o(i.OLED_ShowBinNum), (62 bytes).
    Removing oled.o(i.OLED_ShowHexNum), (84 bytes).
    Removing oled.o(i.OLED_ShowSignedNum), (102 bytes).
    Removing rfid.o(i.Camera), (60 bytes).
    Removing rfid.o(i.Door_State), (56 bytes).
    Removing rfid.o(i.RFID), (216 bytes).
    Removing rfid.o(i.RFID_Test), (2 bytes).
    Removing rfid.o(i.RFID_again), (196 bytes).
    Removing rfid.o(i.RFID_last), (196 bytes).
    Removing dht11.o(i.DH11_GPIO_Init_IN), (44 bytes).
    Removing dht11.o(i.DH11_GPIO_Init_OUT), (44 bytes).
    Removing dht11.o(i.DHT11_REC_Data), (180 bytes).
    Removing dht11.o(i.DHT11_Rec_Byte), (84 bytes).
    Removing dht11.o(i.DHT11_Start), (64 bytes).
    Removing pwm.o(i.breath_light), (66 bytes).
    Removing pwm.o(i.pwm_init), (136 bytes).
    Removing pwm.o(i.pwm_set_duty), (100 bytes).
    Removing usart.o(i.fgetc), (32 bytes).
    Removing usart.o(i.usary), (60 bytes).
    Removing sys.o(.emb_text), (6 bytes).
    Removing sys.o(i.INTX_DISABLE), (4 bytes).
    Removing sys.o(i.INTX_ENABLE), (4 bytes).
    Removing sys.o(i.WFI_SET), (4 bytes).
    Removing adcx.o(i.ADC_GetValue), (52 bytes).
    Removing adcx.o(i.ADC_Test), (40 bytes).
    Removing adcx.o(i.ADCx_Init), (136 bytes).
    Removing time.o(i.Time_Init), (112 bytes).
    Removing core_cm3.o(.emb_text), (32 bytes).
    Removing startup_stm32f10x_md.o(HEAP), (0 bytes).
    Removing misc.o(i.NVIC_PriorityGroupConfig), (20 bytes).
    Removing misc.o(i.NVIC_SetVectorTable), (20 bytes).
    Removing misc.o(i.NVIC_SystemLPConfig), (32 bytes).
    Removing stm32f10x_usart.o(i.USART_ClearFlag), (18 bytes).
    Removing stm32f10x_usart.o(i.USART_ClockInit), (34 bytes).
    Removing stm32f10x_usart.o(i.USART_ClockStructInit), (12 bytes).
    Removing stm32f10x_usart.o(i.USART_DMACmd), (18 bytes).
    Removing stm32f10x_usart.o(i.USART_DeInit), (156 bytes).
    Removing stm32f10x_usart.o(i.USART_HalfDuplexCmd), (24 bytes).
    Removing stm32f10x_usart.o(i.USART_IrDACmd), (24 bytes).
    Removing stm32f10x_usart.o(i.USART_IrDAConfig), (18 bytes).
    Removing stm32f10x_usart.o(i.USART_LINBreakDetectLengthConfig), (18 bytes).
    Removing stm32f10x_usart.o(i.USART_LINCmd), (24 bytes).
    Removing stm32f10x_usart.o(i.USART_OneBitMethodCmd), (24 bytes).
    Removing stm32f10x_usart.o(i.USART_OverSampling8Cmd), (22 bytes).
    Removing stm32f10x_usart.o(i.USART_ReceiverWakeUpCmd), (24 bytes).
    Removing stm32f10x_usart.o(i.USART_SendBreak), (10 bytes).
    Removing stm32f10x_usart.o(i.USART_SetAddress), (18 bytes).
    Removing stm32f10x_usart.o(i.USART_SetGuardTime), (16 bytes).
    Removing stm32f10x_usart.o(i.USART_SetPrescaler), (16 bytes).
    Removing stm32f10x_usart.o(i.USART_SmartCardCmd), (24 bytes).
    Removing stm32f10x_usart.o(i.USART_SmartCardNACKCmd), (24 bytes).
    Removing stm32f10x_usart.o(i.USART_StructInit), (24 bytes).
    Removing stm32f10x_usart.o(i.USART_WakeUpConfig), (18 bytes).
    Removing stm32f10x_gpio.o(i.GPIO_AFIODeInit), (20 bytes).
    Removing stm32f10x_gpio.o(i.GPIO_DeInit), (200 bytes).
    Removing stm32f10x_gpio.o(i.GPIO_ETH_MediaInterfaceConfig), (12 bytes).
    Removing stm32f10x_gpio.o(i.GPIO_EXTILineConfig), (64 bytes).
    Removing stm32f10x_gpio.o(i.GPIO_EventOutputCmd), (12 bytes).
    Removing stm32f10x_gpio.o(i.GPIO_EventOutputConfig), (32 bytes).
    Removing stm32f10x_gpio.o(i.GPIO_PinLockConfig), (18 bytes).
    Removing stm32f10x_gpio.o(i.GPIO_PinRemapConfig), (144 bytes).
    Removing stm32f10x_gpio.o(i.GPIO_ReadInputData), (8 bytes).
    Removing stm32f10x_gpio.o(i.GPIO_ReadOutputData), (8 bytes).
    Removing stm32f10x_gpio.o(i.GPIO_ReadOutputDataBit), (18 bytes).
    Removing stm32f10x_gpio.o(i.GPIO_StructInit), (16 bytes).
    Removing stm32f10x_gpio.o(i.GPIO_Write), (4 bytes).
    Removing stm32f10x_rcc.o(i.RCC_ADCCLKConfig), (24 bytes).
    Removing stm32f10x_rcc.o(i.RCC_AHBPeriphClockCmd), (32 bytes).
    Removing stm32f10x_rcc.o(i.RCC_APB1PeriphResetCmd), (32 bytes).
    Removing stm32f10x_rcc.o(i.RCC_APB2PeriphResetCmd), (32 bytes).
    Removing stm32f10x_rcc.o(i.RCC_AdjustHSICalibrationValue), (24 bytes).
    Removing stm32f10x_rcc.o(i.RCC_BackupResetCmd), (12 bytes).
    Removing stm32f10x_rcc.o(i.RCC_ClearFlag), (20 bytes).
    Removing stm32f10x_rcc.o(i.RCC_ClearITPendingBit), (12 bytes).
    Removing stm32f10x_rcc.o(i.RCC_ClockSecuritySystemCmd), (12 bytes).
    Removing stm32f10x_rcc.o(i.RCC_DeInit), (76 bytes).
    Removing stm32f10x_rcc.o(i.RCC_GetFlagStatus), (60 bytes).
    Removing stm32f10x_rcc.o(i.RCC_GetITStatus), (24 bytes).
    Removing stm32f10x_rcc.o(i.RCC_GetSYSCLKSource), (16 bytes).
    Removing stm32f10x_rcc.o(i.RCC_HCLKConfig), (24 bytes).
    Removing stm32f10x_rcc.o(i.RCC_HSEConfig), (76 bytes).
    Removing stm32f10x_rcc.o(i.RCC_HSICmd), (12 bytes).
    Removing stm32f10x_rcc.o(i.RCC_ITConfig), (32 bytes).
    Removing stm32f10x_rcc.o(i.RCC_LSEConfig), (52 bytes).
    Removing stm32f10x_rcc.o(i.RCC_LSICmd), (12 bytes).
    Removing stm32f10x_rcc.o(i.RCC_MCOConfig), (12 bytes).
    Removing stm32f10x_rcc.o(i.RCC_PCLK1Config), (24 bytes).
    Removing stm32f10x_rcc.o(i.RCC_PCLK2Config), (24 bytes).
    Removing stm32f10x_rcc.o(i.RCC_PLLCmd), (12 bytes).
    Removing stm32f10x_rcc.o(i.RCC_PLLConfig), (28 bytes).
    Removing stm32f10x_rcc.o(i.RCC_RTCCLKCmd), (12 bytes).
    Removing stm32f10x_rcc.o(i.RCC_RTCCLKConfig), (16 bytes).
    Removing stm32f10x_rcc.o(i.RCC_SYSCLKConfig), (24 bytes).
    Removing stm32f10x_rcc.o(i.RCC_USBCLKConfig), (12 bytes).
    Removing stm32f10x_rcc.o(i.RCC_WaitForHSEStartUp), (56 bytes).
    Removing stm32f10x_adc.o(i.ADC_AnalogWatchdogCmd), (20 bytes).
    Removing stm32f10x_adc.o(i.ADC_AnalogWatchdogSingleChannelConfig), (16 bytes).
    Removing stm32f10x_adc.o(i.ADC_AnalogWatchdogThresholdsConfig), (6 bytes).
    Removing stm32f10x_adc.o(i.ADC_AutoInjectedConvCmd), (22 bytes).
    Removing stm32f10x_adc.o(i.ADC_ClearFlag), (6 bytes).
    Removing stm32f10x_adc.o(i.ADC_ClearITPendingBit), (10 bytes).
    Removing stm32f10x_adc.o(i.ADC_Cmd), (22 bytes).
    Removing stm32f10x_adc.o(i.ADC_DMACmd), (22 bytes).
    Removing stm32f10x_adc.o(i.ADC_DeInit), (92 bytes).
    Removing stm32f10x_adc.o(i.ADC_DiscModeChannelCountConfig), (24 bytes).
    Removing stm32f10x_adc.o(i.ADC_DiscModeCmd), (22 bytes).
    Removing stm32f10x_adc.o(i.ADC_ExternalTrigConvCmd), (22 bytes).
    Removing stm32f10x_adc.o(i.ADC_ExternalTrigInjectedConvCmd), (22 bytes).
    Removing stm32f10x_adc.o(i.ADC_ExternalTrigInjectedConvConfig), (16 bytes).
    Removing stm32f10x_adc.o(i.ADC_GetCalibrationStatus), (20 bytes).
    Removing stm32f10x_adc.o(i.ADC_GetConversionValue), (8 bytes).
    Removing stm32f10x_adc.o(i.ADC_GetDualModeConversionValue), (12 bytes).
    Removing stm32f10x_adc.o(i.ADC_GetFlagStatus), (18 bytes).
    Removing stm32f10x_adc.o(i.ADC_GetITStatus), (36 bytes).
    Removing stm32f10x_adc.o(i.ADC_GetInjectedConversionValue), (28 bytes).
    Removing stm32f10x_adc.o(i.ADC_GetResetCalibrationStatus), (20 bytes).
    Removing stm32f10x_adc.o(i.ADC_GetSoftwareStartConvStatus), (20 bytes).
    Removing stm32f10x_adc.o(i.ADC_GetSoftwareStartInjectedConvCmdStatus), (20 bytes).
    Removing stm32f10x_adc.o(i.ADC_ITConfig), (24 bytes).
    Removing stm32f10x_adc.o(i.ADC_Init), (80 bytes).
    Removing stm32f10x_adc.o(i.ADC_InjectedChannelConfig), (130 bytes).
    Removing stm32f10x_adc.o(i.ADC_InjectedDiscModeCmd), (22 bytes).
    Removing stm32f10x_adc.o(i.ADC_InjectedSequencerLengthConfig), (24 bytes).
    Removing stm32f10x_adc.o(i.ADC_RegularChannelConfig), (184 bytes).
    Removing stm32f10x_adc.o(i.ADC_ResetCalibration), (10 bytes).
    Removing stm32f10x_adc.o(i.ADC_SetInjectedOffset), (20 bytes).
    Removing stm32f10x_adc.o(i.ADC_SoftwareStartConvCmd), (22 bytes).
    Removing stm32f10x_adc.o(i.ADC_SoftwareStartInjectedConvCmd), (22 bytes).
    Removing stm32f10x_adc.o(i.ADC_StartCalibration), (10 bytes).
    Removing stm32f10x_adc.o(i.ADC_StructInit), (18 bytes).
    Removing stm32f10x_adc.o(i.ADC_TempSensorVrefintCmd), (36 bytes).
    Removing stm32f10x_tim.o(i.TI1_Config), (128 bytes).
    Removing stm32f10x_tim.o(i.TI2_Config), (152 bytes).
    Removing stm32f10x_tim.o(i.TI3_Config), (144 bytes).
    Removing stm32f10x_tim.o(i.TI4_Config), (152 bytes).
    Removing stm32f10x_tim.o(i.TIM_ARRPreloadConfig), (24 bytes).
    Removing stm32f10x_tim.o(i.TIM_BDTRConfig), (32 bytes).
    Removing stm32f10x_tim.o(i.TIM_BDTRStructInit), (18 bytes).
    Removing stm32f10x_tim.o(i.TIM_CCPreloadControl), (24 bytes).
    Removing stm32f10x_tim.o(i.TIM_CCxCmd), (30 bytes).
    Removing stm32f10x_tim.o(i.TIM_CCxNCmd), (30 bytes).
    Removing stm32f10x_tim.o(i.TIM_ClearFlag), (6 bytes).
    Removing stm32f10x_tim.o(i.TIM_ClearOC1Ref), (18 bytes).
    Removing stm32f10x_tim.o(i.TIM_ClearOC2Ref), (24 bytes).
    Removing stm32f10x_tim.o(i.TIM_ClearOC3Ref), (18 bytes).
    Removing stm32f10x_tim.o(i.TIM_ClearOC4Ref), (24 bytes).
    Removing stm32f10x_tim.o(i.TIM_Cmd), (24 bytes).
    Removing stm32f10x_tim.o(i.TIM_CounterModeConfig), (18 bytes).
    Removing stm32f10x_tim.o(i.TIM_CtrlPWMOutputs), (30 bytes).
    Removing stm32f10x_tim.o(i.TIM_DMACmd), (18 bytes).
    Removing stm32f10x_tim.o(i.TIM_DMAConfig), (10 bytes).
    Removing stm32f10x_tim.o(i.TIM_DeInit), (488 bytes).
    Removing stm32f10x_tim.o(i.TIM_ETRClockMode1Config), (54 bytes).
    Removing stm32f10x_tim.o(i.TIM_ETRClockMode2Config), (32 bytes).
    Removing stm32f10x_tim.o(i.TIM_ETRConfig), (28 bytes).
    Removing stm32f10x_tim.o(i.TIM_EncoderInterfaceConfig), (66 bytes).
    Removing stm32f10x_tim.o(i.TIM_ForcedOC1Config), (18 bytes).
    Removing stm32f10x_tim.o(i.TIM_ForcedOC2Config), (26 bytes).
    Removing stm32f10x_tim.o(i.TIM_ForcedOC3Config), (18 bytes).
    Removing stm32f10x_tim.o(i.TIM_ForcedOC4Config), (26 bytes).
    Removing stm32f10x_tim.o(i.TIM_GenerateEvent), (4 bytes).
    Removing stm32f10x_tim.o(i.TIM_GetCapture1), (6 bytes).
    Removing stm32f10x_tim.o(i.TIM_GetCapture2), (6 bytes).
    Removing stm32f10x_tim.o(i.TIM_GetCapture3), (6 bytes).
    Removing stm32f10x_tim.o(i.TIM_GetCapture4), (8 bytes).
    Removing stm32f10x_tim.o(i.TIM_GetCounter), (6 bytes).
    Removing stm32f10x_tim.o(i.TIM_GetFlagStatus), (18 bytes).
    Removing stm32f10x_tim.o(i.TIM_GetPrescaler), (6 bytes).
    Removing stm32f10x_tim.o(i.TIM_ICInit), (172 bytes).
    Removing stm32f10x_tim.o(i.TIM_ICStructInit), (18 bytes).
    Removing stm32f10x_tim.o(i.TIM_ITConfig), (18 bytes).
    Removing stm32f10x_tim.o(i.TIM_ITRxExternalClockConfig), (24 bytes).
    Removing stm32f10x_tim.o(i.TIM_InternalClockConfig), (12 bytes).
    Removing stm32f10x_tim.o(i.TIM_OC1FastConfig), (18 bytes).
    Removing stm32f10x_tim.o(i.TIM_OC1Init), (152 bytes).
    Removing stm32f10x_tim.o(i.TIM_OC1NPolarityConfig), (18 bytes).
    Removing stm32f10x_tim.o(i.TIM_OC1PolarityConfig), (18 bytes).
    Removing stm32f10x_tim.o(i.TIM_OC1PreloadConfig), (18 bytes).
    Removing stm32f10x_tim.o(i.TIM_OC2FastConfig), (26 bytes).
    Removing stm32f10x_tim.o(i.TIM_OC2Init), (164 bytes).
    Removing stm32f10x_tim.o(i.TIM_OC2NPolarityConfig), (26 bytes).
    Removing stm32f10x_tim.o(i.TIM_OC2PolarityConfig), (26 bytes).
    Removing stm32f10x_tim.o(i.TIM_OC2PreloadConfig), (26 bytes).
    Removing stm32f10x_tim.o(i.TIM_OC3FastConfig), (18 bytes).
    Removing stm32f10x_tim.o(i.TIM_OC3Init), (160 bytes).
    Removing stm32f10x_tim.o(i.TIM_OC3NPolarityConfig), (26 bytes).
    Removing stm32f10x_tim.o(i.TIM_OC3PolarityConfig), (26 bytes).
    Removing stm32f10x_tim.o(i.TIM_OC3PreloadConfig), (18 bytes).
    Removing stm32f10x_tim.o(i.TIM_OC4FastConfig), (26 bytes).
    Removing stm32f10x_tim.o(i.TIM_OC4Init), (124 bytes).
    Removing stm32f10x_tim.o(i.TIM_OC4PolarityConfig), (26 bytes).
    Removing stm32f10x_tim.o(i.TIM_OC4PreloadConfig), (26 bytes).
    Removing stm32f10x_tim.o(i.TIM_OCStructInit), (20 bytes).
    Removing stm32f10x_tim.o(i.TIM_PWMIConfig), (124 bytes).
    Removing stm32f10x_tim.o(i.TIM_PrescalerConfig), (6 bytes).
    Removing stm32f10x_tim.o(i.TIM_SelectCCDMA), (24 bytes).
    Removing stm32f10x_tim.o(i.TIM_SelectCOM), (24 bytes).
    Removing stm32f10x_tim.o(i.TIM_SelectHallSensor), (24 bytes).
    Removing stm32f10x_tim.o(i.TIM_SelectInputTrigger), (18 bytes).
    Removing stm32f10x_tim.o(i.TIM_SelectMasterSlaveMode), (18 bytes).
    Removing stm32f10x_tim.o(i.TIM_SelectOCxM), (82 bytes).
    Removing stm32f10x_tim.o(i.TIM_SelectOnePulseMode), (18 bytes).
    Removing stm32f10x_tim.o(i.TIM_SelectOutputTrigger), (18 bytes).
    Removing stm32f10x_tim.o(i.TIM_SelectSlaveMode), (18 bytes).
    Removing stm32f10x_tim.o(i.TIM_SetAutoreload), (4 bytes).
    Removing stm32f10x_tim.o(i.TIM_SetClockDivision), (18 bytes).
    Removing stm32f10x_tim.o(i.TIM_SetCompare1), (4 bytes).
    Removing stm32f10x_tim.o(i.TIM_SetCompare2), (4 bytes).
    Removing stm32f10x_tim.o(i.TIM_SetCompare3), (4 bytes).
    Removing stm32f10x_tim.o(i.TIM_SetCompare4), (6 bytes).
    Removing stm32f10x_tim.o(i.TIM_SetCounter), (4 bytes).
    Removing stm32f10x_tim.o(i.TIM_SetIC1Prescaler), (18 bytes).
    Removing stm32f10x_tim.o(i.TIM_SetIC2Prescaler), (26 bytes).
    Removing stm32f10x_tim.o(i.TIM_SetIC3Prescaler), (18 bytes).
    Removing stm32f10x_tim.o(i.TIM_SetIC4Prescaler), (26 bytes).
    Removing stm32f10x_tim.o(i.TIM_TIxExternalClockConfig), (62 bytes).
    Removing stm32f10x_tim.o(i.TIM_TimeBaseInit), (164 bytes).
    Removing stm32f10x_tim.o(i.TIM_TimeBaseStructInit), (18 bytes).
    Removing stm32f10x_tim.o(i.TIM_UpdateDisableConfig), (24 bytes).
    Removing stm32f10x_tim.o(i.TIM_UpdateRequestConfig), (24 bytes).
    Removing dfltui.o(.text), (26 bytes).
    Removing dfixui.o(.text), (50 bytes).

232 unused section(s) (total 9956 bytes) removed from the image.

==============================================================================

Image Symbol Table

    Local Symbols

    Symbol Name                              Value     Ov Type        Size  Object(Section)

    ../clib/microlib/division.c              0x00000000   Number         0  uldiv.o ABSOLUTE
    ../clib/microlib/division.c              0x00000000   Number         0  uidiv.o ABSOLUTE
    ../clib/microlib/init/entry.s            0x00000000   Number         0  entry10b.o ABSOLUTE
    ../clib/microlib/init/entry.s            0x00000000   Number         0  entry8b.o ABSOLUTE
    ../clib/microlib/init/entry.s            0x00000000   Number         0  entry10a.o ABSOLUTE
    ../clib/microlib/init/entry.s            0x00000000   Number         0  entry9b.o ABSOLUTE
    ../clib/microlib/init/entry.s            0x00000000   Number         0  entry9a.o ABSOLUTE
    ../clib/microlib/init/entry.s            0x00000000   Number         0  entry.o ABSOLUTE
    ../clib/microlib/init/entry.s            0x00000000   Number         0  entry11b.o ABSOLUTE
    ../clib/microlib/init/entry.s            0x00000000   Number         0  entry2.o ABSOLUTE
    ../clib/microlib/init/entry.s            0x00000000   Number         0  entry5.o ABSOLUTE
    ../clib/microlib/init/entry.s            0x00000000   Number         0  entry7a.o ABSOLUTE
    ../clib/microlib/init/entry.s            0x00000000   Number         0  entry7b.o ABSOLUTE
    ../clib/microlib/init/entry.s            0x00000000   Number         0  entry8a.o ABSOLUTE
    ../clib/microlib/init/entry.s            0x00000000   Number         0  entry11a.o ABSOLUTE
    ../clib/microlib/longlong.c              0x00000000   Number         0  llshl.o ABSOLUTE
    ../clib/microlib/longlong.c              0x00000000   Number         0  llsshr.o ABSOLUTE
    ../clib/microlib/longlong.c              0x00000000   Number         0  llushr.o ABSOLUTE
    ../clib/microlib/printf/printf.c         0x00000000   Number         0  printf3.o ABSOLUTE
    ../clib/microlib/printf/printf.c         0x00000000   Number         0  printf4.o ABSOLUTE
    ../clib/microlib/printf/printf.c         0x00000000   Number         0  printf7.o ABSOLUTE
    ../clib/microlib/printf/printf.c         0x00000000   Number         0  printfa.o ABSOLUTE
    ../clib/microlib/printf/printf.c         0x00000000   Number         0  printf2.o ABSOLUTE
    ../clib/microlib/printf/printf.c         0x00000000   Number         0  printf8.o ABSOLUTE
    ../clib/microlib/printf/printf.c         0x00000000   Number         0  printf6.o ABSOLUTE
    ../clib/microlib/printf/printf.c         0x00000000   Number         0  printf5.o ABSOLUTE
    ../clib/microlib/printf/printf.c         0x00000000   Number         0  printfb.o ABSOLUTE
    ../clib/microlib/printf/printf.c         0x00000000   Number         0  printf0.o ABSOLUTE
    ../clib/microlib/printf/printf.c         0x00000000   Number         0  printf1.o ABSOLUTE
    ../clib/microlib/printf/stubs.s          0x00000000   Number         0  stubs.o ABSOLUTE
    ../clib/microlib/stdio/streams.c         0x00000000   Number         0  stdout.o ABSOLUTE
    ../clib/microlib/string/memset.c         0x00000000   Number         0  memseta.o ABSOLUTE
    ../clib/microlib/string/strcmp.c         0x00000000   Number         0  strcmp.o ABSOLUTE
    ../clib/microlib/string/strncpy.c        0x00000000   Number         0  strncpy.o ABSOLUTE
    ../clib/microlib/string/strstr.c         0x00000000   Number         0  strstr.o ABSOLUTE
    ../clib/microlib/stubs.s                 0x00000000   Number         0  iusefp.o ABSOLUTE
    ../fplib/microlib/fpadd.c                0x00000000   Number         0  dadd.o ABSOLUTE
    ../fplib/microlib/fpdiv.c                0x00000000   Number         0  ddiv.o ABSOLUTE
    ../fplib/microlib/fpepilogue.c           0x00000000   Number         0  depilogue.o ABSOLUTE
    ../fplib/microlib/fpfix.c                0x00000000   Number         0  dfixui.o ABSOLUTE
    ../fplib/microlib/fpfix.c                0x00000000   Number         0  dfixul.o ABSOLUTE
    ../fplib/microlib/fpflt.c                0x00000000   Number         0  dfltui.o ABSOLUTE
    ../fplib/microlib/fpmul.c                0x00000000   Number         0  dmul.o ABSOLUTE
    ..\CORE\core_cm3.c                       0x00000000   Number         0  core_cm3.o ABSOLUTE
    ..\CORE\startup_stm32f10x_md.s           0x00000000   Number         0  startup_stm32f10x_md.o ABSOLUTE
    ..\HARDWARE\DHT11\DHT11.c                0x00000000   Number         0  dht11.o ABSOLUTE
    ..\HARDWARE\HUNMAN\human.c               0x00000000   Number         0  human.o ABSOLUTE
    ..\HARDWARE\KEY\key.c                    0x00000000   Number         0  key.o ABSOLUTE
    ..\HARDWARE\LED\led.c                    0x00000000   Number         0  led.o ABSOLUTE
    ..\HARDWARE\MFRC522\MFRC522.c            0x00000000   Number         0  mfrc522.o ABSOLUTE
    ..\HARDWARE\MyOLED\OLED.c                0x00000000   Number         0  oled.o ABSOLUTE
    ..\HARDWARE\PWM\pwm.c                    0x00000000   Number         0  pwm.o ABSOLUTE
    ..\HARDWARE\RFID\RFID.c                  0x00000000   Number         0  rfid.o ABSOLUTE
    ..\HARDWARE\WIFI\wifi.c                  0x00000000   Number         0  wifi.o ABSOLUTE
    ..\HARDWARE\buzzer\buzzer.c              0x00000000   Number         0  buzzer.o ABSOLUTE
    ..\STM32F10x_FWLib\src\misc.c            0x00000000   Number         0  misc.o ABSOLUTE
    ..\STM32F10x_FWLib\src\stm32f10x_adc.c   0x00000000   Number         0  stm32f10x_adc.o ABSOLUTE
    ..\STM32F10x_FWLib\src\stm32f10x_gpio.c  0x00000000   Number         0  stm32f10x_gpio.o ABSOLUTE
    ..\STM32F10x_FWLib\src\stm32f10x_rcc.c   0x00000000   Number         0  stm32f10x_rcc.o ABSOLUTE
    ..\STM32F10x_FWLib\src\stm32f10x_tim.c   0x00000000   Number         0  stm32f10x_tim.o ABSOLUTE
    ..\STM32F10x_FWLib\src\stm32f10x_usart.c 0x00000000   Number         0  stm32f10x_usart.o ABSOLUTE
    ..\SYSTEM\adc\adcx.c                     0x00000000   Number         0  adcx.o ABSOLUTE
    ..\SYSTEM\delay\delay.c                  0x00000000   Number         0  delay.o ABSOLUTE
    ..\SYSTEM\sys\sys.c                      0x00000000   Number         0  sys.o ABSOLUTE
    ..\SYSTEM\time\time.c                    0x00000000   Number         0  time.o ABSOLUTE
    ..\SYSTEM\usart\usart.c                  0x00000000   Number         0  usart.o ABSOLUTE
    ..\\CORE\\core_cm3.c                     0x00000000   Number         0  core_cm3.o ABSOLUTE
    ..\\SYSTEM\\sys\\sys.c                   0x00000000   Number         0  sys.o ABSOLUTE
    cdrcmple.s                               0x00000000   Number         0  cdrcmple.o ABSOLUTE
    dc.s                                     0x00000000   Number         0  dc.o ABSOLUTE
    handlers.s                               0x00000000   Number         0  handlers.o ABSOLUTE
    init.s                                   0x00000000   Number         0  init.o ABSOLUTE
    main.c                                   0x00000000   Number         0  main.o ABSOLUTE
    stm32f10x_it.c                           0x00000000   Number         0  stm32f10x_it.o ABSOLUTE
    system_stm32f10x.c                       0x00000000   Number         0  system_stm32f10x.o ABSOLUTE
    RESET                                    0x08000000   Section      236  startup_stm32f10x_md.o(RESET)
    .ARM.Collect$$$$00000000                 0x080000ec   Section        0  entry.o(.ARM.Collect$$$$00000000)
    .ARM.Collect$$$$00000001                 0x080000ec   Section        4  entry2.o(.ARM.Collect$$$$00000001)
    .ARM.Collect$$$$00000004                 0x080000f0   Section        4  entry5.o(.ARM.Collect$$$$00000004)
    .ARM.Collect$$$$00000008                 0x080000f4   Section        0  entry7b.o(.ARM.Collect$$$$00000008)
    .ARM.Collect$$$$0000000A                 0x080000f4   Section        0  entry8b.o(.ARM.Collect$$$$0000000A)
    .ARM.Collect$$$$0000000B                 0x080000f4   Section        8  entry9a.o(.ARM.Collect$$$$0000000B)
    .ARM.Collect$$$$0000000D                 0x080000fc   Section        0  entry10a.o(.ARM.Collect$$$$0000000D)
    .ARM.Collect$$$$0000000F                 0x080000fc   Section        0  entry11a.o(.ARM.Collect$$$$0000000F)
    .ARM.Collect$$$$00002712                 0x080000fc   Section        4  entry2.o(.ARM.Collect$$$$00002712)
    __lit__00000000                          0x080000fc   Data           4  entry2.o(.ARM.Collect$$$$00002712)
    .text                                    0x08000100   Section       28  startup_stm32f10x_md.o(.text)
    .text                                    0x0800011c   Section        0  memseta.o(.text)
    .text                                    0x08000140   Section        0  strstr.o(.text)
    .text                                    0x08000164   Section        0  strncpy.o(.text)
    .text                                    0x0800017c   Section        0  strcmp.o(.text)
    .text                                    0x08000198   Section        0  dmul.o(.text)
    .text                                    0x0800027c   Section        0  ddiv.o(.text)
    .text                                    0x0800035a   Section        0  uidiv.o(.text)
    .text                                    0x08000386   Section        0  uldiv.o(.text)
    .text                                    0x080003e8   Section        0  llushr.o(.text)
    .text                                    0x08000408   Section        0  depilogue.o(.text)
    .text                                    0x08000408   Section        0  iusefp.o(.text)
    .text                                    0x080004c2   Section        0  dadd.o(.text)
    .text                                    0x08000610   Section        0  dfixul.o(.text)
    .text                                    0x08000640   Section       48  cdrcmple.o(.text)
    .text                                    0x08000670   Section       36  init.o(.text)
    .text                                    0x08000694   Section        0  llshl.o(.text)
    .text                                    0x080006b2   Section        0  llsshr.o(.text)
    i.AT_write                               0x080006d8   Section        0  wifi.o(i.AT_write)
    i.BusFault_Handler                       0x08000714   Section        0  stm32f10x_it.o(i.BusFault_Handler)
    i.ClearBitMask                           0x08000718   Section        0  mfrc522.o(i.ClearBitMask)
    i.DebugMon_Handler                       0x08000734   Section        0  stm32f10x_it.o(i.DebugMon_Handler)
    i.DoorLockAndLED_Init                    0x08000738   Section        0  rfid.o(i.DoorLockAndLED_Init)
    i.GPIO_Init                              0x0800078c   Section        0  stm32f10x_gpio.o(i.GPIO_Init)
    i.GPIO_ReadInputDataBit                  0x080008a2   Section        0  stm32f10x_gpio.o(i.GPIO_ReadInputDataBit)
    i.GPIO_ResetBits                         0x080008b4   Section        0  stm32f10x_gpio.o(i.GPIO_ResetBits)
    i.GPIO_SetBits                           0x080008b8   Section        0  stm32f10x_gpio.o(i.GPIO_SetBits)
    i.GPIO_WriteBit                          0x080008bc   Section        0  stm32f10x_gpio.o(i.GPIO_WriteBit)
    i.HardFault_Handler                      0x080008c6   Section        0  stm32f10x_it.o(i.HardFault_Handler)
    i.HuaweiIot_DevDate_publish              0x080008cc   Section        0  wifi.o(i.HuaweiIot_DevDate_publish)
    i.HuaweiIot_init                         0x08000914   Section        0  wifi.o(i.HuaweiIot_init)
    i.IllegalCardAlert                       0x08000bf4   Section        0  rfid.o(i.IllegalCardAlert)
    i.IsValidUID                             0x08000c00   Section        0  rfid.o(i.IsValidUID)
    i.LED_Init                               0x08000c50   Section        0  led.o(i.LED_Init)
    i.LED_Off                                0x08000c7c   Section        0  led.o(i.LED_Off)
    i.LED_On                                 0x08000c8c   Section        0  led.o(i.LED_On)
    i.MFRC522_AntennaOff                     0x08000c9c   Section        0  mfrc522.o(i.MFRC522_AntennaOff)
    i.MFRC522_AntennaOn                      0x08000ca8   Section        0  mfrc522.o(i.MFRC522_AntennaOn)
    i.MFRC522_Anticoll                       0x08000cc2   Section        0  mfrc522.o(i.MFRC522_Anticoll)
    i.MFRC522_Init                           0x08000d34   Section        0  mfrc522.o(i.MFRC522_Init)
    i.MFRC522_Request                        0x08000dcc   Section        0  mfrc522.o(i.MFRC522_Request)
    i.MFRC522_Reset                          0x08000e24   Section        0  mfrc522.o(i.MFRC522_Reset)
    i.MFRC522_ToCard                         0x08000ea8   Section        0  mfrc522.o(i.MFRC522_ToCard)
    i.MemManage_Handler                      0x08000fe2   Section        0  stm32f10x_it.o(i.MemManage_Handler)
    i.NMI_Handler                            0x08000fe6   Section        0  stm32f10x_it.o(i.NMI_Handler)
    i.NVIC_Init                              0x08000fe8   Section        0  misc.o(i.NVIC_Init)
    i.OLED_Clear                             0x08001058   Section        0  oled.o(i.OLED_Clear)
    i.OLED_I2C_Init                          0x08001084   Section        0  oled.o(i.OLED_I2C_Init)
    i.OLED_I2C_SendByte                      0x080010d0   Section        0  oled.o(i.OLED_I2C_SendByte)
    i.OLED_I2C_Start                         0x08001128   Section        0  oled.o(i.OLED_I2C_Start)
    i.OLED_I2C_Stop                          0x08001158   Section        0  oled.o(i.OLED_I2C_Stop)
    i.OLED_Init                              0x08001180   Section        0  oled.o(i.OLED_Init)
    i.OLED_Pow                               0x0800122e   Section        0  oled.o(i.OLED_Pow)
    i.OLED_SetCursor                         0x08001242   Section        0  oled.o(i.OLED_SetCursor)
    i.OLED_ShowChar                          0x08001264   Section        0  oled.o(i.OLED_ShowChar)
    i.OLED_ShowNum                           0x080012d8   Section        0  oled.o(i.OLED_ShowNum)
    i.OLED_ShowString                        0x0800131c   Section        0  oled.o(i.OLED_ShowString)
    i.OLED_WriteCommand                      0x08001344   Section        0  oled.o(i.OLED_WriteCommand)
    i.OLED_WriteData                         0x08001364   Section        0  oled.o(i.OLED_WriteData)
    i.OpenDoor                               0x08001384   Section        0  rfid.o(i.OpenDoor)
    i.PendSV_Handler                         0x080013bc   Section        0  stm32f10x_it.o(i.PendSV_Handler)
    i.RCC_APB1PeriphClockCmd                 0x080013c0   Section        0  stm32f10x_rcc.o(i.RCC_APB1PeriphClockCmd)
    i.RCC_APB2PeriphClockCmd                 0x080013e0   Section        0  stm32f10x_rcc.o(i.RCC_APB2PeriphClockCmd)
    i.RCC_GetClocksFreq                      0x08001400   Section        0  stm32f10x_rcc.o(i.RCC_GetClocksFreq)
    i.Read_MFRC522                           0x080014d4   Section        0  mfrc522.o(i.Read_MFRC522)
    i.SVC_Handler                            0x080015a8   Section        0  stm32f10x_it.o(i.SVC_Handler)
    i.SetBitMask                             0x080015aa   Section        0  mfrc522.o(i.SetBitMask)
    i.SetSysClock                            0x080015c6   Section        0  system_stm32f10x.o(i.SetSysClock)
    SetSysClock                              0x080015c7   Thumb Code     8  system_stm32f10x.o(i.SetSysClock)
    i.SetSysClockTo72                        0x080015d0   Section        0  system_stm32f10x.o(i.SetSysClockTo72)
    SetSysClockTo72                          0x080015d1   Thumb Code   214  system_stm32f10x.o(i.SetSysClockTo72)
    i.SysTick_CLKSourceConfig                0x080016b0   Section        0  misc.o(i.SysTick_CLKSourceConfig)
    i.SysTick_Handler                        0x080016d8   Section        0  stm32f10x_it.o(i.SysTick_Handler)
    i.SystemInit                             0x080016dc   Section        0  system_stm32f10x.o(i.SystemInit)
    i.TIM1_UP_IRQHandler                     0x0800173c   Section        0  time.o(i.TIM1_UP_IRQHandler)
    i.TIM_ClearITPendingBit                  0x08001760   Section        0  stm32f10x_tim.o(i.TIM_ClearITPendingBit)
    i.TIM_GetITStatus                        0x08001766   Section        0  stm32f10x_tim.o(i.TIM_GetITStatus)
    i.USART2_IRQHandler                      0x08001788   Section        0  usart.o(i.USART2_IRQHandler)
    i.USART_ClearITPendingBit                0x080019e0   Section        0  stm32f10x_usart.o(i.USART_ClearITPendingBit)
    i.USART_Cmd                              0x080019fe   Section        0  stm32f10x_usart.o(i.USART_Cmd)
    i.USART_GetFlagStatus                    0x08001a16   Section        0  stm32f10x_usart.o(i.USART_GetFlagStatus)
    i.USART_GetITStatus                      0x08001a30   Section        0  stm32f10x_usart.o(i.USART_GetITStatus)
    i.USART_ITConfig                         0x08001a84   Section        0  stm32f10x_usart.o(i.USART_ITConfig)
    i.USART_Init                             0x08001ad0   Section        0  stm32f10x_usart.o(i.USART_Init)
    i.USART_ReceiveData                      0x08001ba8   Section        0  stm32f10x_usart.o(i.USART_ReceiveData)
    i.USART_SendData                         0x08001bb2   Section        0  stm32f10x_usart.o(i.USART_SendData)
    i.UsageFault_Handler                     0x08001bba   Section        0  stm32f10x_it.o(i.UsageFault_Handler)
    i.Write_MFRC522                          0x08001bc0   Section        0  mfrc522.o(i.Write_MFRC522)
    i.__0printf                              0x08001c98   Section        0  printfa.o(i.__0printf)
    i.__0snprintf                            0x08001cb8   Section        0  printfa.o(i.__0snprintf)
    i.__0sprintf                             0x08001ce8   Section        0  printfa.o(i.__0sprintf)
    i.__scatterload_copy                     0x08001d10   Section       14  handlers.o(i.__scatterload_copy)
    i.__scatterload_null                     0x08001d1e   Section        2  handlers.o(i.__scatterload_null)
    i.__scatterload_zeroinit                 0x08001d20   Section       14  handlers.o(i.__scatterload_zeroinit)
    i._fp_digits                             0x08001d30   Section        0  printfa.o(i._fp_digits)
    _fp_digits                               0x08001d31   Thumb Code   366  printfa.o(i._fp_digits)
    i._printf_core                           0x08001eb4   Section        0  printfa.o(i._printf_core)
    _printf_core                             0x08001eb5   Thumb Code  1744  printfa.o(i._printf_core)
    i._printf_post_padding                   0x08002590   Section        0  printfa.o(i._printf_post_padding)
    _printf_post_padding                     0x08002591   Thumb Code    36  printfa.o(i._printf_post_padding)
    i._printf_pre_padding                    0x080025b4   Section        0  printfa.o(i._printf_pre_padding)
    _printf_pre_padding                      0x080025b5   Thumb Code    46  printfa.o(i._printf_pre_padding)
    i._snputc                                0x080025e2   Section        0  printfa.o(i._snputc)
    _snputc                                  0x080025e3   Thumb Code    22  printfa.o(i._snputc)
    i._sputc                                 0x080025f8   Section        0  printfa.o(i._sputc)
    _sputc                                   0x080025f9   Thumb Code    10  printfa.o(i._sputc)
    i.buzzer_Init                            0x08002604   Section        0  buzzer.o(i.buzzer_Init)
    i.camera_Init                            0x08002630   Section        0  buzzer.o(i.camera_Init)
    i.check_password                         0x0800265c   Section        0  key.o(i.check_password)
    i.delay_init                             0x0800278c   Section        0  delay.o(i.delay_init)
    i.delay_ms                               0x080027c8   Section        0  delay.o(i.delay_ms)
    i.delay_us                               0x08002804   Section        0  delay.o(i.delay_us)
    i.door_Init                              0x08002840   Section        0  buzzer.o(i.door_Init)
    i.fputc                                  0x0800286c   Section        0  usart.o(i.fputc)
    i.human_Init                             0x08002890   Section        0  human.o(i.human_Init)
    i.key_Init                               0x080028bc   Section        0  key.o(i.key_Init)
    i.keyboard_scan                          0x080028fc   Section        0  key.o(i.keyboard_scan)
    i.main                                   0x080029a8   Section        0  main.o(i.main)
    i.usart_init                             0x08002bec   Section        0  usart.o(i.usart_init)
    i.usart_init2                            0x08002c94   Section        0  usart.o(i.usart_init2)
    .constdata                               0x08002d44   Section     1520  oled.o(.constdata)
    .constdata                               0x08003334   Section       20  rfid.o(.constdata)
    .constdata                               0x08003348   Section       36  key.o(.constdata)
    key_values                               0x0800334c   Data          16  key.o(.constdata)
    .conststring                             0x0800336c   Section      197  wifi.o(.conststring)
    .conststring                             0x08003434   Section       75  usart.o(.conststring)
    .data                                    0x20000000   Section       22  main.o(.data)
    .data                                    0x20000016   Section        1  wifi.o(.data)
    .data                                    0x20000017   Section        6  key.o(.data)
    .data                                    0x2000001e   Section        4  delay.o(.data)
    fac_us                                   0x2000001e   Data           1  delay.o(.data)
    fac_ms                                   0x20000020   Data           2  delay.o(.data)
    .data                                    0x20000024   Section        8  usart.o(.data)
    .data                                    0x2000002c   Section       20  stm32f10x_rcc.o(.data)
    APBAHBPrescTable                         0x2000002c   Data          16  stm32f10x_rcc.o(.data)
    ADCPrescTable                            0x2000003c   Data           4  stm32f10x_rcc.o(.data)
    .data                                    0x20000040   Section        4  stdout.o(.data)
    .bss                                     0x20000044   Section       20  main.o(.bss)
    .bss                                     0x20000058   Section      928  usart.o(.bss)
    STACK                                    0x200003f8   Section      512  startup_stm32f10x_md.o(STACK)

    Global Symbols

    Symbol Name                              Value     Ov Type        Size  Object(Section)

    BuildAttributes$$THM_ISAv4$P$D$K$B$S$PE$A:L22UL41UL21$X:L11$S22US41US21$IEEE1$IW$USESV6$~STKCKD$USESV7$~SHL$OSPACE$ROPI$EBA8$MICROLIB$REQ8$PRES8$EABIv2 0x00000000   Number         0  anon$$obj.o ABSOLUTE
    __ARM_use_no_argv                        0x00000000   Number         0  main.o ABSOLUTE
    _printf_a                                0x00000000   Number         0  stubs.o ABSOLUTE
    _printf_c                                0x00000000   Number         0  stubs.o ABSOLUTE
    _printf_charcount                        0x00000000   Number         0  stubs.o ABSOLUTE
    _printf_d                                0x00000000   Number         0  stubs.o ABSOLUTE
    _printf_e                                0x00000000   Number         0  stubs.o ABSOLUTE
    _printf_f                                0x00000000   Number         0  stubs.o ABSOLUTE
    _printf_flags                            0x00000000   Number         0  stubs.o ABSOLUTE
    _printf_fp_dec                           0x00000000   Number         0  stubs.o ABSOLUTE
    _printf_fp_hex                           0x00000000   Number         0  stubs.o ABSOLUTE
    _printf_g                                0x00000000   Number         0  stubs.o ABSOLUTE
    _printf_i                                0x00000000   Number         0  stubs.o ABSOLUTE
    _printf_int_dec                          0x00000000   Number         0  stubs.o ABSOLUTE
    _printf_l                                0x00000000   Number         0  stubs.o ABSOLUTE
    _printf_lc                               0x00000000   Number         0  stubs.o ABSOLUTE
    _printf_ll                               0x00000000   Number         0  stubs.o ABSOLUTE
    _printf_lld                              0x00000000   Number         0  stubs.o ABSOLUTE
    _printf_lli                              0x00000000   Number         0  stubs.o ABSOLUTE
    _printf_llo                              0x00000000   Number         0  stubs.o ABSOLUTE
    _printf_llu                              0x00000000   Number         0  stubs.o ABSOLUTE
    _printf_llx                              0x00000000   Number         0  stubs.o ABSOLUTE
    _printf_longlong_dec                     0x00000000   Number         0  stubs.o ABSOLUTE
    _printf_longlong_hex                     0x00000000   Number         0  stubs.o ABSOLUTE
    _printf_longlong_oct                     0x00000000   Number         0  stubs.o ABSOLUTE
    _printf_ls                               0x00000000   Number         0  stubs.o ABSOLUTE
    _printf_mbtowc                           0x00000000   Number         0  stubs.o ABSOLUTE
    _printf_n                                0x00000000   Number         0  stubs.o ABSOLUTE
    _printf_o                                0x00000000   Number         0  stubs.o ABSOLUTE
    _printf_p                                0x00000000   Number         0  stubs.o ABSOLUTE
    _printf_percent                          0x00000000   Number         0  stubs.o ABSOLUTE
    _printf_pre_padding                      0x00000000   Number         0  stubs.o ABSOLUTE
    _printf_return_value                     0x00000000   Number         0  stubs.o ABSOLUTE
    _printf_s                                0x00000000   Number         0  stubs.o ABSOLUTE
    _printf_sizespec                         0x00000000   Number         0  stubs.o ABSOLUTE
    _printf_str                              0x00000000   Number         0  stubs.o ABSOLUTE
    _printf_truncate_signed                  0x00000000   Number         0  stubs.o ABSOLUTE
    _printf_truncate_unsigned                0x00000000   Number         0  stubs.o ABSOLUTE
    _printf_u                                0x00000000   Number         0  stubs.o ABSOLUTE
    _printf_wc                               0x00000000   Number         0  stubs.o ABSOLUTE
    _printf_wctomb                           0x00000000   Number         0  stubs.o ABSOLUTE
    _printf_widthprec                        0x00000000   Number         0  stubs.o ABSOLUTE
    _printf_x                                0x00000000   Number         0  stubs.o ABSOLUTE
    __cpp_initialize__aeabi_                  - Undefined Weak Reference
    __cxa_finalize                            - Undefined Weak Reference
    __decompress                              - Undefined Weak Reference
    _clock_init                               - Undefined Weak Reference
    _microlib_exit                            - Undefined Weak Reference
    __Vectors_Size                           0x000000ec   Number         0  startup_stm32f10x_md.o ABSOLUTE
    __Vectors                                0x08000000   Data           4  startup_stm32f10x_md.o(RESET)
    __Vectors_End                            0x080000ec   Data           0  startup_stm32f10x_md.o(RESET)
    __main                                   0x080000ed   Thumb Code     0  entry.o(.ARM.Collect$$$$00000000)
    _main_stk                                0x080000ed   Thumb Code     0  entry2.o(.ARM.Collect$$$$00000001)
    _main_scatterload                        0x080000f1   Thumb Code     0  entry5.o(.ARM.Collect$$$$00000004)
    __main_after_scatterload                 0x080000f5   Thumb Code     0  entry5.o(.ARM.Collect$$$$00000004)
    _main_clock                              0x080000f5   Thumb Code     0  entry7b.o(.ARM.Collect$$$$00000008)
    _main_cpp_init                           0x080000f5   Thumb Code     0  entry8b.o(.ARM.Collect$$$$0000000A)
    _main_init                               0x080000f5   Thumb Code     0  entry9a.o(.ARM.Collect$$$$0000000B)
    __rt_final_cpp                           0x080000fd   Thumb Code     0  entry10a.o(.ARM.Collect$$$$0000000D)
    __rt_final_exit                          0x080000fd   Thumb Code     0  entry11a.o(.ARM.Collect$$$$0000000F)
    Reset_Handler                            0x08000101   Thumb Code     4  startup_stm32f10x_md.o(.text)
    ADC1_2_IRQHandler                        0x08000117   Thumb Code     0  startup_stm32f10x_md.o(.text)
    CAN1_RX1_IRQHandler                      0x08000117   Thumb Code     0  startup_stm32f10x_md.o(.text)
    CAN1_SCE_IRQHandler                      0x08000117   Thumb Code     0  startup_stm32f10x_md.o(.text)
    DMA1_Channel1_IRQHandler                 0x08000117   Thumb Code     0  startup_stm32f10x_md.o(.text)
    DMA1_Channel2_IRQHandler                 0x08000117   Thumb Code     0  startup_stm32f10x_md.o(.text)
    DMA1_Channel3_IRQHandler                 0x08000117   Thumb Code     0  startup_stm32f10x_md.o(.text)
    DMA1_Channel4_IRQHandler                 0x08000117   Thumb Code     0  startup_stm32f10x_md.o(.text)
    DMA1_Channel5_IRQHandler                 0x08000117   Thumb Code     0  startup_stm32f10x_md.o(.text)
    DMA1_Channel6_IRQHandler                 0x08000117   Thumb Code     0  startup_stm32f10x_md.o(.text)
    DMA1_Channel7_IRQHandler                 0x08000117   Thumb Code     0  startup_stm32f10x_md.o(.text)
    EXTI0_IRQHandler                         0x08000117   Thumb Code     0  startup_stm32f10x_md.o(.text)
    EXTI15_10_IRQHandler                     0x08000117   Thumb Code     0  startup_stm32f10x_md.o(.text)
    EXTI1_IRQHandler                         0x08000117   Thumb Code     0  startup_stm32f10x_md.o(.text)
    EXTI2_IRQHandler                         0x08000117   Thumb Code     0  startup_stm32f10x_md.o(.text)
    EXTI3_IRQHandler                         0x08000117   Thumb Code     0  startup_stm32f10x_md.o(.text)
    EXTI4_IRQHandler                         0x08000117   Thumb Code     0  startup_stm32f10x_md.o(.text)
    EXTI9_5_IRQHandler                       0x08000117   Thumb Code     0  startup_stm32f10x_md.o(.text)
    FLASH_IRQHandler                         0x08000117   Thumb Code     0  startup_stm32f10x_md.o(.text)
    I2C1_ER_IRQHandler                       0x08000117   Thumb Code     0  startup_stm32f10x_md.o(.text)
    I2C1_EV_IRQHandler                       0x08000117   Thumb Code     0  startup_stm32f10x_md.o(.text)
    I2C2_ER_IRQHandler                       0x08000117   Thumb Code     0  startup_stm32f10x_md.o(.text)
    I2C2_EV_IRQHandler                       0x08000117   Thumb Code     0  startup_stm32f10x_md.o(.text)
    PVD_IRQHandler                           0x08000117   Thumb Code     0  startup_stm32f10x_md.o(.text)
    RCC_IRQHandler                           0x08000117   Thumb Code     0  startup_stm32f10x_md.o(.text)
    RTCAlarm_IRQHandler                      0x08000117   Thumb Code     0  startup_stm32f10x_md.o(.text)
    RTC_IRQHandler                           0x08000117   Thumb Code     0  startup_stm32f10x_md.o(.text)
    SPI1_IRQHandler                          0x08000117   Thumb Code     0  startup_stm32f10x_md.o(.text)
    SPI2_IRQHandler                          0x08000117   Thumb Code     0  startup_stm32f10x_md.o(.text)
    TAMPER_IRQHandler                        0x08000117   Thumb Code     0  startup_stm32f10x_md.o(.text)
    TIM1_BRK_IRQHandler                      0x08000117   Thumb Code     0  startup_stm32f10x_md.o(.text)
    TIM1_CC_IRQHandler                       0x08000117   Thumb Code     0  startup_stm32f10x_md.o(.text)
    TIM1_TRG_COM_IRQHandler                  0x08000117   Thumb Code     0  startup_stm32f10x_md.o(.text)
    TIM2_IRQHandler                          0x08000117   Thumb Code     0  startup_stm32f10x_md.o(.text)
    TIM3_IRQHandler                          0x08000117   Thumb Code     0  startup_stm32f10x_md.o(.text)
    TIM4_IRQHandler                          0x08000117   Thumb Code     0  startup_stm32f10x_md.o(.text)
    USART1_IRQHandler                        0x08000117   Thumb Code     0  startup_stm32f10x_md.o(.text)
    USART3_IRQHandler                        0x08000117   Thumb Code     0  startup_stm32f10x_md.o(.text)
    USBWakeUp_IRQHandler                     0x08000117   Thumb Code     0  startup_stm32f10x_md.o(.text)
    USB_HP_CAN1_TX_IRQHandler                0x08000117   Thumb Code     0  startup_stm32f10x_md.o(.text)
    USB_LP_CAN1_RX0_IRQHandler               0x08000117   Thumb Code     0  startup_stm32f10x_md.o(.text)
    WWDG_IRQHandler                          0x08000117   Thumb Code     0  startup_stm32f10x_md.o(.text)
    __aeabi_memset                           0x0800011d   Thumb Code    14  memseta.o(.text)
    __aeabi_memset4                          0x0800011d   Thumb Code     0  memseta.o(.text)
    __aeabi_memset8                          0x0800011d   Thumb Code     0  memseta.o(.text)
    __aeabi_memclr                           0x0800012b   Thumb Code     4  memseta.o(.text)
    __aeabi_memclr4                          0x0800012b   Thumb Code     0  memseta.o(.text)
    __aeabi_memclr8                          0x0800012b   Thumb Code     0  memseta.o(.text)
    _memset$wrapper                          0x0800012f   Thumb Code    18  memseta.o(.text)
    strstr                                   0x08000141   Thumb Code    36  strstr.o(.text)
    strncpy                                  0x08000165   Thumb Code    24  strncpy.o(.text)
    strcmp                                   0x0800017d   Thumb Code    28  strcmp.o(.text)
    __aeabi_dmul                             0x08000199   Thumb Code   228  dmul.o(.text)
    __aeabi_ddiv                             0x0800027d   Thumb Code   222  ddiv.o(.text)
    __aeabi_uidiv                            0x0800035b   Thumb Code     0  uidiv.o(.text)
    __aeabi_uidivmod                         0x0800035b   Thumb Code    44  uidiv.o(.text)
    __aeabi_uldivmod                         0x08000387   Thumb Code    98  uldiv.o(.text)
    __aeabi_llsr                             0x080003e9   Thumb Code    32  llushr.o(.text)
    _ll_ushift_r                             0x080003e9   Thumb Code     0  llushr.o(.text)
    __I$use$fp                               0x08000409   Thumb Code     0  iusefp.o(.text)
    _double_round                            0x08000409   Thumb Code    30  depilogue.o(.text)
    _double_epilogue                         0x08000427   Thumb Code   156  depilogue.o(.text)
    __aeabi_dadd                             0x080004c3   Thumb Code   322  dadd.o(.text)
    __aeabi_dsub                             0x08000605   Thumb Code     6  dadd.o(.text)
    __aeabi_drsub                            0x0800060b   Thumb Code     6  dadd.o(.text)
    __aeabi_d2ulz                            0x08000611   Thumb Code    48  dfixul.o(.text)
    __aeabi_cdrcmple                         0x08000641   Thumb Code    48  cdrcmple.o(.text)
    __scatterload                            0x08000671   Thumb Code    28  init.o(.text)
    __scatterload_rt2                        0x08000671   Thumb Code     0  init.o(.text)
    __aeabi_llsl                             0x08000695   Thumb Code    30  llshl.o(.text)
    _ll_shift_l                              0x08000695   Thumb Code     0  llshl.o(.text)
    __aeabi_lasr                             0x080006b3   Thumb Code    36  llsshr.o(.text)
    _ll_sshift_r                             0x080006b3   Thumb Code     0  llsshr.o(.text)
    AT_write                                 0x080006d9   Thumb Code    48  wifi.o(i.AT_write)
    BusFault_Handler                         0x08000715   Thumb Code     4  stm32f10x_it.o(i.BusFault_Handler)
    ClearBitMask                             0x08000719   Thumb Code    28  mfrc522.o(i.ClearBitMask)
    DebugMon_Handler                         0x08000735   Thumb Code     2  stm32f10x_it.o(i.DebugMon_Handler)
    DoorLockAndLED_Init                      0x08000739   Thumb Code    72  rfid.o(i.DoorLockAndLED_Init)
    GPIO_Init                                0x0800078d   Thumb Code   278  stm32f10x_gpio.o(i.GPIO_Init)
    GPIO_ReadInputDataBit                    0x080008a3   Thumb Code    18  stm32f10x_gpio.o(i.GPIO_ReadInputDataBit)
    GPIO_ResetBits                           0x080008b5   Thumb Code     4  stm32f10x_gpio.o(i.GPIO_ResetBits)
    GPIO_SetBits                             0x080008b9   Thumb Code     4  stm32f10x_gpio.o(i.GPIO_SetBits)
    GPIO_WriteBit                            0x080008bd   Thumb Code    10  stm32f10x_gpio.o(i.GPIO_WriteBit)
    HardFault_Handler                        0x080008c7   Thumb Code     4  stm32f10x_it.o(i.HardFault_Handler)
    HuaweiIot_DevDate_publish                0x080008cd   Thumb Code    22  wifi.o(i.HuaweiIot_DevDate_publish)
    HuaweiIot_init                           0x08000915   Thumb Code   216  wifi.o(i.HuaweiIot_init)
    IllegalCardAlert                         0x08000bf5   Thumb Code    12  rfid.o(i.IllegalCardAlert)
    IsValidUID                               0x08000c01   Thumb Code    74  rfid.o(i.IsValidUID)
    LED_Init                                 0x08000c51   Thumb Code    38  led.o(i.LED_Init)
    LED_Off                                  0x08000c7d   Thumb Code    12  led.o(i.LED_Off)
    LED_On                                   0x08000c8d   Thumb Code    12  led.o(i.LED_On)
    MFRC522_AntennaOff                       0x08000c9d   Thumb Code    12  mfrc522.o(i.MFRC522_AntennaOff)
    MFRC522_AntennaOn                        0x08000ca9   Thumb Code    26  mfrc522.o(i.MFRC522_AntennaOn)
    MFRC522_Anticoll                         0x08000cc3   Thumb Code   114  mfrc522.o(i.MFRC522_Anticoll)
    MFRC522_Init                             0x08000d35   Thumb Code   142  mfrc522.o(i.MFRC522_Init)
    MFRC522_Request                          0x08000dcd   Thumb Code    86  mfrc522.o(i.MFRC522_Request)
    MFRC522_Reset                            0x08000e25   Thumb Code   126  mfrc522.o(i.MFRC522_Reset)
    MFRC522_ToCard                           0x08000ea9   Thumb Code   314  mfrc522.o(i.MFRC522_ToCard)
    MemManage_Handler                        0x08000fe3   Thumb Code     4  stm32f10x_it.o(i.MemManage_Handler)
    NMI_Handler                              0x08000fe7   Thumb Code     2  stm32f10x_it.o(i.NMI_Handler)
    NVIC_Init                                0x08000fe9   Thumb Code   100  misc.o(i.NVIC_Init)
    OLED_Clear                               0x08001059   Thumb Code    42  oled.o(i.OLED_Clear)
    OLED_I2C_Init                            0x08001085   Thumb Code    72  oled.o(i.OLED_I2C_Init)
    OLED_I2C_SendByte                        0x080010d1   Thumb Code    82  oled.o(i.OLED_I2C_SendByte)
    OLED_I2C_Start                           0x08001129   Thumb Code    44  oled.o(i.OLED_I2C_Start)
    OLED_I2C_Stop                            0x08001159   Thumb Code    34  oled.o(i.OLED_I2C_Stop)
    OLED_Init                                0x08001181   Thumb Code   174  oled.o(i.OLED_Init)
    OLED_Pow                                 0x0800122f   Thumb Code    20  oled.o(i.OLED_Pow)
    OLED_SetCursor                           0x08001243   Thumb Code    34  oled.o(i.OLED_SetCursor)
    OLED_ShowChar                            0x08001265   Thumb Code   110  oled.o(i.OLED_ShowChar)
    OLED_ShowNum                             0x080012d9   Thumb Code    68  oled.o(i.OLED_ShowNum)
    OLED_ShowString                          0x0800131d   Thumb Code    40  oled.o(i.OLED_ShowString)
    OLED_WriteCommand                        0x08001345   Thumb Code    32  oled.o(i.OLED_WriteCommand)
    OLED_WriteData                           0x08001365   Thumb Code    32  oled.o(i.OLED_WriteData)
    OpenDoor                                 0x08001385   Thumb Code    48  rfid.o(i.OpenDoor)
    PendSV_Handler                           0x080013bd   Thumb Code     2  stm32f10x_it.o(i.PendSV_Handler)
    RCC_APB1PeriphClockCmd                   0x080013c1   Thumb Code    26  stm32f10x_rcc.o(i.RCC_APB1PeriphClockCmd)
    RCC_APB2PeriphClockCmd                   0x080013e1   Thumb Code    26  stm32f10x_rcc.o(i.RCC_APB2PeriphClockCmd)
    RCC_GetClocksFreq                        0x08001401   Thumb Code   192  stm32f10x_rcc.o(i.RCC_GetClocksFreq)
    Read_MFRC522                             0x080014d5   Thumb Code   208  mfrc522.o(i.Read_MFRC522)
    SVC_Handler                              0x080015a9   Thumb Code     2  stm32f10x_it.o(i.SVC_Handler)
    SetBitMask                               0x080015ab   Thumb Code    28  mfrc522.o(i.SetBitMask)
    SysTick_CLKSourceConfig                  0x080016b1   Thumb Code    40  misc.o(i.SysTick_CLKSourceConfig)
    SysTick_Handler                          0x080016d9   Thumb Code     2  stm32f10x_it.o(i.SysTick_Handler)
    SystemInit                               0x080016dd   Thumb Code    78  system_stm32f10x.o(i.SystemInit)
    TIM1_UP_IRQHandler                       0x0800173d   Thumb Code    28  time.o(i.TIM1_UP_IRQHandler)
    TIM_ClearITPendingBit                    0x08001761   Thumb Code     6  stm32f10x_tim.o(i.TIM_ClearITPendingBit)
    TIM_GetITStatus                          0x08001767   Thumb Code    34  stm32f10x_tim.o(i.TIM_GetITStatus)
    USART2_IRQHandler                        0x08001789   Thumb Code   440  usart.o(i.USART2_IRQHandler)
    USART_ClearITPendingBit                  0x080019e1   Thumb Code    30  stm32f10x_usart.o(i.USART_ClearITPendingBit)
    USART_Cmd                                0x080019ff   Thumb Code    24  stm32f10x_usart.o(i.USART_Cmd)
    USART_GetFlagStatus                      0x08001a17   Thumb Code    26  stm32f10x_usart.o(i.USART_GetFlagStatus)
    USART_GetITStatus                        0x08001a31   Thumb Code    84  stm32f10x_usart.o(i.USART_GetITStatus)
    USART_ITConfig                           0x08001a85   Thumb Code    74  stm32f10x_usart.o(i.USART_ITConfig)
    USART_Init                               0x08001ad1   Thumb Code   210  stm32f10x_usart.o(i.USART_Init)
    USART_ReceiveData                        0x08001ba9   Thumb Code    10  stm32f10x_usart.o(i.USART_ReceiveData)
    USART_SendData                           0x08001bb3   Thumb Code     8  stm32f10x_usart.o(i.USART_SendData)
    UsageFault_Handler                       0x08001bbb   Thumb Code     4  stm32f10x_it.o(i.UsageFault_Handler)
    Write_MFRC522                            0x08001bc1   Thumb Code   210  mfrc522.o(i.Write_MFRC522)
    __0printf                                0x08001c99   Thumb Code    22  printfa.o(i.__0printf)
    __1printf                                0x08001c99   Thumb Code     0  printfa.o(i.__0printf)
    __2printf                                0x08001c99   Thumb Code     0  printfa.o(i.__0printf)
    __c89printf                              0x08001c99   Thumb Code     0  printfa.o(i.__0printf)
    printf                                   0x08001c99   Thumb Code     0  printfa.o(i.__0printf)
    __0snprintf                              0x08001cb9   Thumb Code    44  printfa.o(i.__0snprintf)
    __1snprintf                              0x08001cb9   Thumb Code     0  printfa.o(i.__0snprintf)
    __2snprintf                              0x08001cb9   Thumb Code     0  printfa.o(i.__0snprintf)
    __c89snprintf                            0x08001cb9   Thumb Code     0  printfa.o(i.__0snprintf)
    snprintf                                 0x08001cb9   Thumb Code     0  printfa.o(i.__0snprintf)
    __0sprintf                               0x08001ce9   Thumb Code    34  printfa.o(i.__0sprintf)
    __1sprintf                               0x08001ce9   Thumb Code     0  printfa.o(i.__0sprintf)
    __2sprintf                               0x08001ce9   Thumb Code     0  printfa.o(i.__0sprintf)
    __c89sprintf                             0x08001ce9   Thumb Code     0  printfa.o(i.__0sprintf)
    sprintf                                  0x08001ce9   Thumb Code     0  printfa.o(i.__0sprintf)
    __scatterload_copy                       0x08001d11   Thumb Code    14  handlers.o(i.__scatterload_copy)
    __scatterload_null                       0x08001d1f   Thumb Code     2  handlers.o(i.__scatterload_null)
    __scatterload_zeroinit                   0x08001d21   Thumb Code    14  handlers.o(i.__scatterload_zeroinit)
    buzzer_Init                              0x08002605   Thumb Code    38  buzzer.o(i.buzzer_Init)
    camera_Init                              0x08002631   Thumb Code    38  buzzer.o(i.camera_Init)
    check_password                           0x0800265d   Thumb Code   234  key.o(i.check_password)
    delay_init                               0x0800278d   Thumb Code    52  delay.o(i.delay_init)
    delay_ms                                 0x080027c9   Thumb Code    56  delay.o(i.delay_ms)
    delay_us                                 0x08002805   Thumb Code    56  delay.o(i.delay_us)
    door_Init                                0x08002841   Thumb Code    38  buzzer.o(i.door_Init)
    fputc                                    0x0800286d   Thumb Code    32  usart.o(i.fputc)
    human_Init                               0x08002891   Thumb Code    38  human.o(i.human_Init)
    key_Init                                 0x080028bd   Thumb Code    60  key.o(i.key_Init)
    keyboard_scan                            0x080028fd   Thumb Code   158  key.o(i.keyboard_scan)
    main                                     0x080029a9   Thumb Code   516  main.o(i.main)
    usart_init                               0x08002bed   Thumb Code   160  usart.o(i.usart_init)
    usart_init2                              0x08002c95   Thumb Code   166  usart.o(i.usart_init2)
    OLED_F8x16                               0x08002d44   Data        1520  oled.o(.constdata)
    validUIDs                                0x08003334   Data          20  rfid.o(.constdata)
    password                                 0x08003348   Data           4  key.o(.constdata)
    Region$$Table$$Base                      0x08003480   Number         0  anon$$obj.o(Region$$Table)
    Region$$Table$$Limit                     0x080034a0   Number         0  anon$$obj.o(Region$$Table)
    status                                   0x20000000   Data           1  main.o(.data)
    temp                                     0x20000004   Data           4  main.o(.data)
    i                                        0x20000008   Data           4  main.o(.data)
    RFID_Index                               0x2000000c   Data           1  main.o(.data)
    DeviceState                              0x2000000d   Data           8  main.o(.data)
    value                                    0x20000015   Data           1  main.o(.data)
    atok_rec_flag                            0x20000016   Data           1  wifi.o(.data)
    password_state                           0x20000017   Data           1  key.o(.data)
    input_password                           0x20000018   Data           4  key.o(.data)
    input_index                              0x2000001c   Data           1  key.o(.data)
    uart1_rec_i                              0x20000024   Data           1  usart.o(.data)
    uart1_recdata                            0x20000025   Data           1  usart.o(.data)
    speed_flag                               0x20000026   Data           2  usart.o(.data)
    bufferIndex                              0x20000028   Data           4  usart.o(.data)
    __stdout                                 0x20000040   Data           4  stdout.o(.data)
    buf                                      0x20000044   Data          20  main.o(.bss)
    uart1_recstring                          0x20000058   Data         256  usart.o(.bss)
    sub_string                               0x20000158   Data         150  usart.o(.bss)
    analysis_Str                             0x200001ee   Data         256  usart.o(.bss)
    buffer                                   0x200002ee   Data         256  usart.o(.bss)
    led_value                                0x200003ee   Data          10  usart.o(.bss)
    __initial_sp                             0x200005f8   Data           0  startup_stm32f10x_md.o(STACK)



==============================================================================

Memory Map of the image

  Image Entry point : 0x080000ed

  Load Region LR_IROM1 (Base: 0x08000000, Size: 0x000034e4, Max: 0x00040000, ABSOLUTE)

    Execution Region ER_IROM1 (Exec base: 0x08000000, Load base: 0x08000000, Size: 0x000034a0, Max: 0x00040000, ABSOLUTE)

    Exec Addr    Load Addr    Size         Type   Attr      Idx    E Section Name        Object

    0x08000000   0x08000000   0x000000ec   Data   RO          929    RESET               startup_stm32f10x_md.o
    0x080000ec   0x080000ec   0x00000000   Code   RO         2234  * .ARM.Collect$$$$00000000  mc_w.l(entry.o)
    0x080000ec   0x080000ec   0x00000004   Code   RO         2514    .ARM.Collect$$$$00000001  mc_w.l(entry2.o)
    0x080000f0   0x080000f0   0x00000004   Code   RO         2517    .ARM.Collect$$$$00000004  mc_w.l(entry5.o)
    0x080000f4   0x080000f4   0x00000000   Code   RO         2519    .ARM.Collect$$$$00000008  mc_w.l(entry7b.o)
    0x080000f4   0x080000f4   0x00000000   Code   RO         2521    .ARM.Collect$$$$0000000A  mc_w.l(entry8b.o)
    0x080000f4   0x080000f4   0x00000008   Code   RO         2522    .ARM.Collect$$$$0000000B  mc_w.l(entry9a.o)
    0x080000fc   0x080000fc   0x00000000   Code   RO         2524    .ARM.Collect$$$$0000000D  mc_w.l(entry10a.o)
    0x080000fc   0x080000fc   0x00000000   Code   RO         2526    .ARM.Collect$$$$0000000F  mc_w.l(entry11a.o)
    0x080000fc   0x080000fc   0x00000004   Code   RO         2515    .ARM.Collect$$$$00002712  mc_w.l(entry2.o)
    0x08000100   0x08000100   0x0000001c   Code   RO          930    .text               startup_stm32f10x_md.o
    0x0800011c   0x0800011c   0x00000024   Code   RO         2237    .text               mc_w.l(memseta.o)
    0x08000140   0x08000140   0x00000024   Code   RO         2239    .text               mc_w.l(strstr.o)
    0x08000164   0x08000164   0x00000018   Code   RO         2241    .text               mc_w.l(strncpy.o)
    0x0800017c   0x0800017c   0x0000001c   Code   RO         2243    .text               mc_w.l(strcmp.o)
    0x08000198   0x08000198   0x000000e4   Code   RO         2506    .text               mf_w.l(dmul.o)
    0x0800027c   0x0800027c   0x000000de   Code   RO         2508    .text               mf_w.l(ddiv.o)
    0x0800035a   0x0800035a   0x0000002c   Code   RO         2529    .text               mc_w.l(uidiv.o)
    0x08000386   0x08000386   0x00000062   Code   RO         2531    .text               mc_w.l(uldiv.o)
    0x080003e8   0x080003e8   0x00000020   Code   RO         2533    .text               mc_w.l(llushr.o)
    0x08000408   0x08000408   0x00000000   Code   RO         2535    .text               mc_w.l(iusefp.o)
    0x08000408   0x08000408   0x000000ba   Code   RO         2536    .text               mf_w.l(depilogue.o)
    0x080004c2   0x080004c2   0x0000014e   Code   RO         2538    .text               mf_w.l(dadd.o)
    0x08000610   0x08000610   0x00000030   Code   RO         2540    .text               mf_w.l(dfixul.o)
    0x08000640   0x08000640   0x00000030   Code   RO         2542    .text               mf_w.l(cdrcmple.o)
    0x08000670   0x08000670   0x00000024   Code   RO         2544    .text               mc_w.l(init.o)
    0x08000694   0x08000694   0x0000001e   Code   RO         2546    .text               mc_w.l(llshl.o)
    0x080006b2   0x080006b2   0x00000024   Code   RO         2548    .text               mc_w.l(llsshr.o)
    0x080006d6   0x080006d6   0x00000002   PAD
    0x080006d8   0x080006d8   0x0000003c   Code   RO          645    i.AT_write          wifi.o
    0x08000714   0x08000714   0x00000004   Code   RO            1    i.BusFault_Handler  stm32f10x_it.o
    0x08000718   0x08000718   0x0000001c   Code   RO          306    i.ClearBitMask      mfrc522.o
    0x08000734   0x08000734   0x00000002   Code   RO            2    i.DebugMon_Handler  stm32f10x_it.o
    0x08000736   0x08000736   0x00000002   PAD
    0x08000738   0x08000738   0x00000054   Code   RO          522    i.DoorLockAndLED_Init  rfid.o
    0x0800078c   0x0800078c   0x00000116   Code   RO         1156    i.GPIO_Init         stm32f10x_gpio.o
    0x080008a2   0x080008a2   0x00000012   Code   RO         1160    i.GPIO_ReadInputDataBit  stm32f10x_gpio.o
    0x080008b4   0x080008b4   0x00000004   Code   RO         1163    i.GPIO_ResetBits    stm32f10x_gpio.o
    0x080008b8   0x080008b8   0x00000004   Code   RO         1164    i.GPIO_SetBits      stm32f10x_gpio.o
    0x080008bc   0x080008bc   0x0000000a   Code   RO         1167    i.GPIO_WriteBit     stm32f10x_gpio.o
    0x080008c6   0x080008c6   0x00000004   Code   RO            3    i.HardFault_Handler  stm32f10x_it.o
    0x080008ca   0x080008ca   0x00000002   PAD
    0x080008cc   0x080008cc   0x00000048   Code   RO          646    i.HuaweiIot_DevDate_publish  wifi.o
    0x08000914   0x08000914   0x000002e0   Code   RO          647    i.HuaweiIot_init    wifi.o
    0x08000bf4   0x08000bf4   0x0000000c   Code   RO          524    i.IllegalCardAlert  rfid.o
    0x08000c00   0x08000c00   0x00000050   Code   RO          525    i.IsValidUID        rfid.o
    0x08000c50   0x08000c50   0x0000002c   Code   RO          243    i.LED_Init          led.o
    0x08000c7c   0x08000c7c   0x00000010   Code   RO          244    i.LED_Off           led.o
    0x08000c8c   0x08000c8c   0x00000010   Code   RO          245    i.LED_On            led.o
    0x08000c9c   0x08000c9c   0x0000000c   Code   RO          307    i.MFRC522_AntennaOff  mfrc522.o
    0x08000ca8   0x08000ca8   0x0000001a   Code   RO          308    i.MFRC522_AntennaOn  mfrc522.o
    0x08000cc2   0x08000cc2   0x00000072   Code   RO          309    i.MFRC522_Anticoll  mfrc522.o
    0x08000d34   0x08000d34   0x00000098   Code   RO          312    i.MFRC522_Init      mfrc522.o
    0x08000dcc   0x08000dcc   0x00000056   Code   RO          314    i.MFRC522_Request   mfrc522.o
    0x08000e22   0x08000e22   0x00000002   PAD
    0x08000e24   0x08000e24   0x00000084   Code   RO          315    i.MFRC522_Reset     mfrc522.o
    0x08000ea8   0x08000ea8   0x0000013a   Code   RO          317    i.MFRC522_ToCard    mfrc522.o
    0x08000fe2   0x08000fe2   0x00000004   Code   RO            4    i.MemManage_Handler  stm32f10x_it.o
    0x08000fe6   0x08000fe6   0x00000002   Code   RO            5    i.NMI_Handler       stm32f10x_it.o
    0x08000fe8   0x08000fe8   0x00000070   Code   RO          934    i.NVIC_Init         misc.o
    0x08001058   0x08001058   0x0000002a   Code   RO          413    i.OLED_Clear        oled.o
    0x08001082   0x08001082   0x00000002   PAD
    0x08001084   0x08001084   0x0000004c   Code   RO          414    i.OLED_I2C_Init     oled.o
    0x080010d0   0x080010d0   0x00000058   Code   RO          415    i.OLED_I2C_SendByte  oled.o
    0x08001128   0x08001128   0x00000030   Code   RO          416    i.OLED_I2C_Start    oled.o
    0x08001158   0x08001158   0x00000028   Code   RO          417    i.OLED_I2C_Stop     oled.o
    0x08001180   0x08001180   0x000000ae   Code   RO          418    i.OLED_Init         oled.o
    0x0800122e   0x0800122e   0x00000014   Code   RO          419    i.OLED_Pow          oled.o
    0x08001242   0x08001242   0x00000022   Code   RO          420    i.OLED_SetCursor    oled.o
    0x08001264   0x08001264   0x00000074   Code   RO          422    i.OLED_ShowChar     oled.o
    0x080012d8   0x080012d8   0x00000044   Code   RO          424    i.OLED_ShowNum      oled.o
    0x0800131c   0x0800131c   0x00000028   Code   RO          426    i.OLED_ShowString   oled.o
    0x08001344   0x08001344   0x00000020   Code   RO          427    i.OLED_WriteCommand  oled.o
    0x08001364   0x08001364   0x00000020   Code   RO          428    i.OLED_WriteData    oled.o
    0x08001384   0x08001384   0x00000038   Code   RO          526    i.OpenDoor          rfid.o
    0x080013bc   0x080013bc   0x00000002   Code   RO            6    i.PendSV_Handler    stm32f10x_it.o
    0x080013be   0x080013be   0x00000002   PAD
    0x080013c0   0x080013c0   0x00000020   Code   RO         1266    i.RCC_APB1PeriphClockCmd  stm32f10x_rcc.o
    0x080013e0   0x080013e0   0x00000020   Code   RO         1268    i.RCC_APB2PeriphClockCmd  stm32f10x_rcc.o
    0x08001400   0x08001400   0x000000d4   Code   RO         1276    i.RCC_GetClocksFreq  stm32f10x_rcc.o
    0x080014d4   0x080014d4   0x000000d4   Code   RO          319    i.Read_MFRC522      mfrc522.o
    0x080015a8   0x080015a8   0x00000002   Code   RO            7    i.SVC_Handler       stm32f10x_it.o
    0x080015aa   0x080015aa   0x0000001c   Code   RO          320    i.SetBitMask        mfrc522.o
    0x080015c6   0x080015c6   0x00000008   Code   RO          152    i.SetSysClock       system_stm32f10x.o
    0x080015ce   0x080015ce   0x00000002   PAD
    0x080015d0   0x080015d0   0x000000e0   Code   RO          153    i.SetSysClockTo72   system_stm32f10x.o
    0x080016b0   0x080016b0   0x00000028   Code   RO          938    i.SysTick_CLKSourceConfig  misc.o
    0x080016d8   0x080016d8   0x00000002   Code   RO            8    i.SysTick_Handler   stm32f10x_it.o
    0x080016da   0x080016da   0x00000002   PAD
    0x080016dc   0x080016dc   0x00000060   Code   RO          155    i.SystemInit        system_stm32f10x.o
    0x0800173c   0x0800173c   0x00000024   Code   RO          895    i.TIM1_UP_IRQHandler  time.o
    0x08001760   0x08001760   0x00000006   Code   RO         1697    i.TIM_ClearITPendingBit  stm32f10x_tim.o
    0x08001766   0x08001766   0x00000022   Code   RO         1723    i.TIM_GetITStatus   stm32f10x_tim.o
    0x08001788   0x08001788   0x00000258   Code   RO          778    i.USART2_IRQHandler  usart.o
    0x080019e0   0x080019e0   0x0000001e   Code   RO          971    i.USART_ClearITPendingBit  stm32f10x_usart.o
    0x080019fe   0x080019fe   0x00000018   Code   RO          974    i.USART_Cmd         stm32f10x_usart.o
    0x08001a16   0x08001a16   0x0000001a   Code   RO          977    i.USART_GetFlagStatus  stm32f10x_usart.o
    0x08001a30   0x08001a30   0x00000054   Code   RO          978    i.USART_GetITStatus  stm32f10x_usart.o
    0x08001a84   0x08001a84   0x0000004a   Code   RO          980    i.USART_ITConfig    stm32f10x_usart.o
    0x08001ace   0x08001ace   0x00000002   PAD
    0x08001ad0   0x08001ad0   0x000000d8   Code   RO          981    i.USART_Init        stm32f10x_usart.o
    0x08001ba8   0x08001ba8   0x0000000a   Code   RO          988    i.USART_ReceiveData  stm32f10x_usart.o
    0x08001bb2   0x08001bb2   0x00000008   Code   RO          991    i.USART_SendData    stm32f10x_usart.o
    0x08001bba   0x08001bba   0x00000004   Code   RO            9    i.UsageFault_Handler  stm32f10x_it.o
    0x08001bbe   0x08001bbe   0x00000002   PAD
    0x08001bc0   0x08001bc0   0x000000d8   Code   RO          321    i.Write_MFRC522     mfrc522.o
    0x08001c98   0x08001c98   0x00000020   Code   RO         2478    i.__0printf         mc_w.l(printfa.o)
    0x08001cb8   0x08001cb8   0x00000030   Code   RO         2479    i.__0snprintf       mc_w.l(printfa.o)
    0x08001ce8   0x08001ce8   0x00000028   Code   RO         2480    i.__0sprintf        mc_w.l(printfa.o)
    0x08001d10   0x08001d10   0x0000000e   Code   RO         2552    i.__scatterload_copy  mc_w.l(handlers.o)
    0x08001d1e   0x08001d1e   0x00000002   Code   RO         2553    i.__scatterload_null  mc_w.l(handlers.o)
    0x08001d20   0x08001d20   0x0000000e   Code   RO         2554    i.__scatterload_zeroinit  mc_w.l(handlers.o)
    0x08001d2e   0x08001d2e   0x00000002   PAD
    0x08001d30   0x08001d30   0x00000184   Code   RO         2485    i._fp_digits        mc_w.l(printfa.o)
    0x08001eb4   0x08001eb4   0x000006dc   Code   RO         2486    i._printf_core      mc_w.l(printfa.o)
    0x08002590   0x08002590   0x00000024   Code   RO         2487    i._printf_post_padding  mc_w.l(printfa.o)
    0x080025b4   0x080025b4   0x0000002e   Code   RO         2488    i._printf_pre_padding  mc_w.l(printfa.o)
    0x080025e2   0x080025e2   0x00000016   Code   RO         2489    i._snputc           mc_w.l(printfa.o)
    0x080025f8   0x080025f8   0x0000000a   Code   RO         2490    i._sputc            mc_w.l(printfa.o)
    0x08002602   0x08002602   0x00000002   PAD
    0x08002604   0x08002604   0x0000002c   Code   RO          728    i.buzzer_Init       buzzer.o
    0x08002630   0x08002630   0x0000002c   Code   RO          729    i.camera_Init       buzzer.o
    0x0800265c   0x0800265c   0x00000130   Code   RO          700    i.check_password    key.o
    0x0800278c   0x0800278c   0x0000003c   Code   RO          752    i.delay_init        delay.o
    0x080027c8   0x080027c8   0x0000003c   Code   RO          753    i.delay_ms          delay.o
    0x08002804   0x08002804   0x0000003c   Code   RO          754    i.delay_us          delay.o
    0x08002840   0x08002840   0x0000002c   Code   RO          730    i.door_Init         buzzer.o
    0x0800286c   0x0800286c   0x00000024   Code   RO          780    i.fputc             usart.o
    0x08002890   0x08002890   0x0000002c   Code   RO          633    i.human_Init        human.o
    0x080028bc   0x080028bc   0x00000040   Code   RO          701    i.key_Init          key.o
    0x080028fc   0x080028fc   0x000000ac   Code   RO          702    i.keyboard_scan     key.o
    0x080029a8   0x080029a8   0x00000244   Code   RO          186    i.main              main.o
    0x08002bec   0x08002bec   0x000000a8   Code   RO          781    i.usart_init        usart.o
    0x08002c94   0x08002c94   0x000000b0   Code   RO          782    i.usart_init2       usart.o
    0x08002d44   0x08002d44   0x000005f0   Data   RO          429    .constdata          oled.o
    0x08003334   0x08003334   0x00000014   Data   RO          531    .constdata          rfid.o
    0x08003348   0x08003348   0x00000024   Data   RO          703    .constdata          key.o
    0x0800336c   0x0800336c   0x000000c5   Data   RO          648    .conststring        wifi.o
    0x08003431   0x08003431   0x00000003   PAD
    0x08003434   0x08003434   0x0000004b   Data   RO          785    .conststring        usart.o
    0x0800347f   0x0800347f   0x00000001   PAD
    0x08003480   0x08003480   0x00000020   Data   RO         2550    Region$$Table       anon$$obj.o


    Execution Region RW_IRAM1 (Exec base: 0x20000000, Load base: 0x080034a0, Size: 0x000005f8, Max: 0x0000c000, ABSOLUTE)

    Exec Addr    Load Addr    Size         Type   Attr      Idx    E Section Name        Object

    0x20000000   0x080034a0   0x00000016   Data   RW          188    .data               main.o
    0x20000016   0x080034b6   0x00000001   Data   RW          649    .data               wifi.o
    0x20000017   0x080034b7   0x00000006   Data   RW          704    .data               key.o
    0x2000001d   0x080034bd   0x00000001   PAD
    0x2000001e   0x080034be   0x00000004   Data   RW          755    .data               delay.o
    0x20000022   0x080034c2   0x00000002   PAD
    0x20000024   0x080034c4   0x00000008   Data   RW          786    .data               usart.o
    0x2000002c   0x080034cc   0x00000014   Data   RW         1296    .data               stm32f10x_rcc.o
    0x20000040   0x080034e0   0x00000004   Data   RW         2528    .data               mc_w.l(stdout.o)
    0x20000044        -       0x00000014   Zero   RW          187    .bss                main.o
    0x20000058        -       0x000003a0   Zero   RW          784    .bss                usart.o
    0x200003f8        -       0x00000200   Zero   RW          927    STACK               startup_stm32f10x_md.o


==============================================================================

Image component sizes


      Code (inc. data)   RO Data    RW Data    ZI Data      Debug   Object Name

       132         18          0          0          0       1420   buzzer.o
       180         16          0          4          0       1655   delay.o
        44          6          0          0          0        473   human.o
       540         88         36          6          0       3005   key.o
        76         14          0          0          0     206006   led.o
       580         64          0         22         20       2772   main.o
      1320         26          0          0          0       7297   mfrc522.o
       152         12          0          0          0       1466   misc.o
       810         26       1520          0          0       7565   oled.o
       232         26         20          0          0       3166   rfid.o
        28          4        236          0        512        768   startup_stm32f10x_md.o
       314          0          0          0          0       4084   stm32f10x_gpio.o
        26          0          0          0          0      51394   stm32f10x_it.o
       276         32          0         20          0       4310   stm32f10x_rcc.o
        40          0          0          0          0       1674   stm32f10x_tim.o
       472          6          0          0          0       6571   stm32f10x_usart.o
         0          0          0          0          0         32   sys.o
       328         28          0          0          0       1697   system_stm32f10x.o
        36          8          0          0          0        441   time.o
       980        182         75          8        928       5417   usart.o
       868        582        197          1          0       1984   wifi.o

    ----------------------------------------------------------------------
      7452       1138       2120         64       1460     313197   Object Totals
         0          0         32          0          0          0   (incl. Generated)
        18          0          4          3          0          0   (incl. Padding)

    ----------------------------------------------------------------------

      Code (inc. data)   RO Data    RW Data    ZI Data      Debug   Library Member Name

         0          0          0          0          0          0   entry.o
         0          0          0          0          0          0   entry10a.o
         0          0          0          0          0          0   entry11a.o
         8          4          0          0          0          0   entry2.o
         4          0          0          0          0          0   entry5.o
         0          0          0          0          0          0   entry7b.o
         0          0          0          0          0          0   entry8b.o
         8          4          0          0          0          0   entry9a.o
        30          0          0          0          0          0   handlers.o
        36          8          0          0          0         68   init.o
         0          0          0          0          0          0   iusefp.o
        30          0          0          0          0         68   llshl.o
        36          0          0          0          0         68   llsshr.o
        32          0          0          0          0         68   llushr.o
        36          0          0          0          0        108   memseta.o
      2378        100          0          0          0        756   printfa.o
         0          0          0          4          0          0   stdout.o
        28          0          0          0          0         76   strcmp.o
        24          0          0          0          0         76   strncpy.o
        36          0          0          0          0         80   strstr.o
        44          0          0          0          0         80   uidiv.o
        98          0          0          0          0         92   uldiv.o
        48          0          0          0          0         68   cdrcmple.o
       334          0          0          0          0        148   dadd.o
       222          0          0          0          0        100   ddiv.o
       186          0          0          0          0        176   depilogue.o
        48          0          0          0          0         68   dfixul.o
       228          0          0          0          0         96   dmul.o

    ----------------------------------------------------------------------
      3900        116          0          4          0       2196   Library Totals
         6          0          0          0          0          0   (incl. Padding)

    ----------------------------------------------------------------------

      Code (inc. data)   RO Data    RW Data    ZI Data      Debug   Library Name

      2828        116          0          4          0       1540   mc_w.l
      1066          0          0          0          0        656   mf_w.l

    ----------------------------------------------------------------------
      3900        116          0          4          0       2196   Library Totals

    ----------------------------------------------------------------------

==============================================================================


      Code (inc. data)   RO Data    RW Data    ZI Data      Debug   

     11352       1254       2120         68       1460     310241   Grand Totals
     11352       1254       2120         68       1460     310241   ELF Image Totals
     11352       1254       2120         68          0          0   ROM Totals

==============================================================================

    Total RO  Size (Code + RO Data)                13472 (  13.16kB)
    Total RW  Size (RW Data + ZI Data)              1528 (   1.49kB)
    Total ROM Size (Code + RO Data + RW Data)      13540 (  13.22kB)

==============================================================================

